Component: ARM Compiler 5.06 update 6 (build 750) Tool: armlink [4d35ed]

==============================================================================

Section Cross References

    main.o(i.Hardware_Init) refers to misc.o(i.NVIC_PriorityGroupConfig) for NVIC_PriorityGroupConfig
    main.o(i.Hardware_Init) refers to oled.o(i.GB16_NUM) for GB16_NUM
    main.o(i.Hardware_Init) refers to delay.o(i.delay_init) for delay_init
    main.o(i.Hardware_Init) refers to timer.o(i.GENERAL_TIM_Init) for GENERAL_TIM_Init
    main.o(i.Hardware_Init) refers to usart.o(i.Usart1_Init) for Usart1_Init
    main.o(i.Hardware_Init) refers to esp8266.o(i.Usart3_Init) for Usart3_Init
    main.o(i.Hardware_Init) refers to led.o(i.System_PB34_setIO) for System_PB34_setIO
    main.o(i.Hardware_Init) refers to led.o(i.LED_Init) for LED_Init
    main.o(i.Hardware_Init) refers to ds18b20.o(i.DS18B20_Init) for DS18B20_Init
    main.o(i.Hardware_Init) refers to ds18b20.o(i.DS18B20_ReadId) for DS18B20_ReadId
    main.o(i.Hardware_Init) refers to adxl345.o(i.ADXL345_Init) for ADXL345_Init
    main.o(i.Hardware_Init) refers to adxl345.o(i.ADXL345_AUTO_Adjust) for ADXL345_AUTO_Adjust
    main.o(i.Hardware_Init) refers to key.o(i.Key_GPIO_Config) for Key_GPIO_Config
    main.o(i.Hardware_Init) refers to oled.o(i.OLED_Init) for OLED_Init
    main.o(i.Hardware_Init) refers to oled.o(i.OLED_ColorTurn) for OLED_ColorTurn
    main.o(i.Hardware_Init) refers to oled.o(i.OLED_DisplayTurn) for OLED_DisplayTurn
    main.o(i.Hardware_Init) refers to printfa.o(i.__0sprintf) for __2sprintf
    main.o(i.Hardware_Init) refers to oled.o(i.OLED_ShowCH) for OLED_ShowCH
    main.o(i.Hardware_Init) refers to max30102.o(i.max30102_init) for max30102_init
    main.o(i.Hardware_Init) refers to max30102.o(i.max30102_FIFO_ReadBytes) for max30102_FIFO_ReadBytes
    main.o(i.Hardware_Init) refers to algorithm.o(i.maxim_heart_rate_and_oxygen_saturation) for maxim_heart_rate_and_oxygen_saturation
    main.o(i.Hardware_Init) refers to delay.o(i.delay_ms) for delay_ms
    main.o(i.Hardware_Init) refers to git.o(i.Reset_Threshole_Value) for Reset_Threshole_Value
    main.o(i.Hardware_Init) refers to oled.o(i.OLED_Clear) for OLED_Clear
    main.o(i.Hardware_Init) refers to oled.o(.data) for HZ
    main.o(i.Hardware_Init) refers to ds18b20.o(.data) for ucDs18b20Id
    main.o(i.Hardware_Init) refers to adxl345.o(.data) for z
    main.o(i.Hardware_Init) refers to main.o(.data) for un_min
    main.o(i.Hardware_Init) refers to main.o(.bss) for aun_red_buffer
    main.o(i.Hardware_Init) refers to git.o(.data) for device_state_init
    main.o(i.Heart_num) refers to max30102.o(i.max30102_FIFO_ReadBytes) for max30102_FIFO_ReadBytes
    main.o(i.Heart_num) refers to ffltui.o(.text) for __aeabi_ui2f
    main.o(i.Heart_num) refers to fdiv.o(.text) for __aeabi_fdiv
    main.o(i.Heart_num) refers to fmul.o(.text) for __aeabi_fmul
    main.o(i.Heart_num) refers to ffixi.o(.text) for __aeabi_f2iz
    main.o(i.Heart_num) refers to algorithm.o(i.maxim_heart_rate_and_oxygen_saturation) for maxim_heart_rate_and_oxygen_saturation
    main.o(i.Heart_num) refers to dflti.o(.text) for __aeabi_i2d
    main.o(i.Heart_num) refers to dmul.o(.text) for __aeabi_dmul
    main.o(i.Heart_num) refers to dfixi.o(.text) for __aeabi_d2iz
    main.o(i.Heart_num) refers to main.o(.data) for i
    main.o(i.Heart_num) refers to main.o(.bss) for aun_red_buffer
    main.o(i.Heart_num) refers to git.o(.data) for device_state_init
    main.o(i.Net_Init) refers to oled.o(i.OLED_Clear) for OLED_Clear
    main.o(i.Net_Init) refers to printfa.o(i.__0sprintf) for __2sprintf
    main.o(i.Net_Init) refers to oled.o(i.OLED_ShowCH) for OLED_ShowCH
    main.o(i.Net_Init) refers to esp8266.o(i.ESP8266_Init) for ESP8266_Init
    main.o(i.Net_Init) refers to delay.o(i.delay_ms) for delay_ms
    main.o(i.Net_Init) refers to net.o(i.DevLink) for DevLink
    main.o(i.Net_Init) refers to net.o(i.Subscribe) for Subscribe
    main.o(i.Net_Init) refers to net.o(.data) for Connect_Net
    main.o(i.Net_Init) refers to main.o(.data) for topics
    main.o(i.SoftWare_Init) refers to task.o(i.timer_init) for timer_init
    main.o(i.SoftWare_Init) refers to task.o(i.timer_start) for timer_start
    main.o(i.SoftWare_Init) refers to main.o(i.task1) for task1
    main.o(i.SoftWare_Init) refers to main.o(.bss) for task1_id
    main.o(i.SoftWare_Init) refers to main.o(i.task2) for task2
    main.o(i.main) refers to main.o(i.SoftWare_Init) for SoftWare_Init
    main.o(i.main) refers to main.o(i.Hardware_Init) for Hardware_Init
    main.o(i.main) refers to delay.o(i.delay_ms) for delay_ms
    main.o(i.main) refers to main.o(i.Net_Init) for Net_Init
    main.o(i.main) refers to stm32f10x_tim.o(i.TIM_Cmd) for TIM_Cmd
    main.o(i.main) refers to task.o(i.timer_loop) for timer_loop
    main.o(i.main) refers to esp8266.o(i.ESP8266_GetIPD) for ESP8266_GetIPD
[...]
    .data                                    0x20000000   Section       60  main.o(.data)
    .data                                    0x2000003c   Section       20  system_stm32f10x.o(.data)
    .data                                    0x20000050   Section        1  key.o(.data)
    key_up                                   0x20000050   Data           1  key.o(.data)
    .data                                    0x20000054   Section     2812  oled.o(.data)
    .data                                    0x20000b50   Section       12  flash.o(.data)
    .data                                    0x20000b5c   Section        8  ds18b20.o(.data)
    .data                                    0x20000b64   Section       12  adxl345.o(.data)
    .data                                    0x20000b70   Section       22  bus.o(.data)
    .data                                    0x20000b86   Section        4  delay.o(.data)
    fac_us                                   0x20000b86   Data           1  delay.o(.data)
    fac_ms                                   0x20000b88   Data           2  delay.o(.data)
    .data                                    0x20000b8c   Section        6  usart.o(.data)
    .data                                    0x20000b92   Section       20  stm32f10x_rcc.o(.data)
    APBAHBPrescTable                         0x20000b92   Data          16  stm32f10x_rcc.o(.data)
    ADCPrescTable                            0x20000ba2   Data           4  stm32f10x_rcc.o(.data)
    .data                                    0x20000ba6   Section        4  esp8266.o(.data)
    .data                                    0x20000bac   Section       20  cjson.o(.data)
    global_error                             0x20000bac   Data           8  cjson.o(.data)
    global_hooks                             0x20000bb4   Data          12  cjson.o(.data)
    .data                                    0x20000bc0   Section        4  net.o(.data)
    pkt_id                                   0x20000bc2   Data           2  net.o(.data)
    .data                                    0x20000bc4   Section       16  git.o(.data)
    num_on                                   0x20000bd2   Data           1  git.o(.data)
    key_old                                  0x20000bd3   Data           1  git.o(.data)
    .data                                    0x20000bd4   Section        8  task.o(.data)
    head_handle                              0x20000bd4   Data           4  task.o(.data)
    _timer_ticks                             0x20000bd8   Data           4  task.o(.data)
    .data                                    0x20000bdc   Section       13  timer.o(.data)
    .data                                    0x20000bec   Section        4  mvars.o(.data)
    .data                                    0x20000bf0   Section        4  mvars.o(.data)
    .data                                    0x20000bf4   Section        4  errno.o(.data)
    _errno                                   0x20000bf4   Data           4  errno.o(.data)
    .bss                                     0x20000bf8   Section     6196  main.o(.bss)
    sectorbufferTemp                         0x20000bf8   Data        2048  main.o(.bss)
    task1_id                                 0x200023fc   Data          16  main.o(.bss)
    task2_id                                 0x2000240c   Data          16  main.o(.bss)
    task3_id                                 0x2000241c   Data          16  main.o(.bss)
    .bss                                     0x2000242c   Section     2048  flash.o(.bss)
    sectorbufferTemp                         0x2000242c   Data        2048  flash.o(.bss)
    .bss                                     0x20002c2c   Section     5984  algorithm.o(.bss)
    an_dx                                    0x20002c2c   Data        1984  algorithm.o(.bss)
    an_x                                     0x200033ec   Data        2000  algorithm.o(.bss)
    an_y                                     0x20003bbc   Data        2000  algorithm.o(.bss)
    .bss                                     0x2000438c   Section      200  usart.o(.bss)
    .bss                                     0x20004454   Section     2404  esp8266.o(.bss)
    sectorbufferTemp                         0x20004454   Data        2048  esp8266.o(.bss)
    .bss                                     0x20004db8   Section     2072  git.o(.bss)
    sectorbufferTemp                         0x20004db8   Data        2048  git.o(.bss)
    HEAP                                     0x200055d0   Section     3072  startup_stm32f10x_hd.o(HEAP)
    STACK                                    0x200061d0   Section     1024  startup_stm32f10x_hd.o(STACK)

    Global Symbols

    Symbol Name                              Value     Ov Type        Size  Object(Section)

    BuildAttributes$$THM_ISAv4$P$D$K$B$S$PE$A:L22UL41UL21$X:L11$S22US41US21$IEEE1$IW$USESV6$~STKCKD$USESV7$~SHL$OTIME$ROPI$IEEEX$EBA8$MICROLIB$REQ8$PRES8$EABIv2 0x00000000   Number         0  anon$$obj.o ABSOLUTE
    __ARM_use_no_argv                        0x00000000   Number         0  main.o ABSOLUTE
    __use_no_errno                           0x00000000   Number         0  useno.o ABSOLUTE
    __use_no_exception_handling              0x00000000   Number         0  useno.o ABSOLUTE
    __use_no_fp                              0x00000000   Number         0  useno.o ABSOLUTE
    __use_no_heap                            0x00000000   Number         0  useno.o ABSOLUTE
    __use_no_heap_region                     0x00000000   Number         0  useno.o ABSOLUTE
    __use_no_semihosting                     0x00000000   Number         0  useno.o ABSOLUTE
    __use_no_semihosting_swi                 0x00000000   Number         0  useno.o ABSOLUTE
    __use_no_signal_handling                 0x00000000   Number         0  useno.o ABSOLUTE
    _printf_a                                0x00000000   Number         0  stubs.o ABSOLUTE
    _printf_c                                0x00000000   Number         0  stubs.o ABSOLUTE
    _printf_charcount                        0x00000000   Number         0  stubs.o ABSOLUTE
    _printf_d                                0x00000000   Number         0  stubs.o ABSOLUTE
    _printf_e                                0x00000000   Number         0  stubs.o ABSOLUTE
    _printf_f                                0x00000000   Number         0  stubs.o ABSOLUTE
    _printf_flags                            0x00000000   Number         0  stubs.o ABSOLUTE
    _printf_fp_dec                           0x00000000   Number         0  stubs.o ABSOLUTE
    _printf_fp_hex                           0x00000000   Number         0  stubs.o ABSOLUTE
    _printf_g                                0x00000000   Number         0  stubs.o ABSOLUTE
    _printf_i                                0x00000000   Number         0  stubs.o ABSOLUTE
    _printf_int_dec                          0x00000000   Number         0  stubs.o ABSOLUTE
    _printf_l                                0x00000000   Number         0  stubs.o ABSOLUTE
    _printf_lc                               0x00000000   Number         0  stubs.o ABSOLUTE
    _printf_ll                               0x00000000   Number         0  stubs.o ABSOLUTE
    _printf_lld                              0x00000000   Number         0  stubs.o ABSOLUTE
    _printf_lli                              0x00000000   Number         0  stubs.o ABSOLUTE
    _printf_llo                              0x00000000   Number         0  stubs.o ABSOLUTE
    _printf_llu                              0x00000000   Number         0  stubs.o ABSOLUTE
    _printf_llx                              0x00000000   Number         0  stubs.o ABSOLUTE
    _printf_longlong_dec                     0x00000000   Number         0  stubs.o ABSOLUTE
    _printf_longlong_hex                     0x00000000   Number         0  stubs.o ABSOLUTE
    _printf_longlong_oct                     0x00000000   Number         0  stubs.o ABSOLUTE
    _printf_ls                               0x00000000   Number         0  stubs.o ABSOLUTE
    _printf_mbtowc                           0x00000000   Number         0  stubs.o ABSOLUTE
    _printf_n                                0x00000000   Number         0  stubs.o ABSOLUTE
    _printf_o                                0x00000000   Number         0  stubs.o ABSOLUTE
    _printf_p                                0x00000000   Number         0  stubs.o ABSOLUTE
    _printf_percent                          0x00000000   Number         0  stubs.o ABSOLUTE
    _printf_pre_padding                      0x00000000   Number         0  stubs.o ABSOLUTE
    _printf_return_value                     0x00000000   Number         0  stubs.o ABSOLUTE
    _printf_s                                0x00000000   Number         0  stubs.o ABSOLUTE
    _printf_sizespec                         0x00000000   Number         0  stubs.o ABSOLUTE
    _printf_str                              0x00000000   Number         0  stubs.o ABSOLUTE
    _printf_truncate_signed                  0x00000000   Number         0  stubs.o ABSOLUTE
    _printf_truncate_unsigned                0x00000000   Number         0  stubs.o ABSOLUTE
    _printf_u                                0x00000000   Number         0  stubs.o ABSOLUTE
    _printf_wc                               0x00000000   Number         0  stubs.o ABSOLUTE
    _printf_wctomb                           0x00000000   Number         0  stubs.o ABSOLUTE
    _printf_widthprec                        0x00000000   Number         0  stubs.o ABSOLUTE
    _printf_x                                0x00000000   Number         0  stubs.o ABSOLUTE
    __cpp_initialize__aeabi_                  - Undefined Weak Reference
    __cxa_finalize                            - Undefined Weak Reference
    _clock_init                               - Undefined Weak Reference
    _microlib_exit                            - Undefined Weak Reference
    _scanf_int                                - Undefined Weak Reference
    _scanf_longlong                           - Undefined Weak Reference
    _scanf_string                             - Undefined Weak Reference
    __Vectors_Size                           0x00000130   Number         0  startup_stm32f10x_hd.o ABSOLUTE
    __Vectors                                0x08000000   Data           4  startup_stm32f10x_hd.o(RESET)
    __Vectors_End                            0x08000130   Data           0  startup_stm32f10x_hd.o(RESET)
    __main                                   0x08000131   Thumb Code     0  entry.o(.ARM.Collect$$$$00000000)
    _main_stk                                0x08000131   Thumb Code     0  entry2.o(.ARM.Collect$$$$00000001)
    _main_scatterload                        0x08000135   Thumb Code     0  entry5.o(.ARM.Collect$$$$00000004)
    __main_after_scatterload                 0x08000139   Thumb Code     0  entry5.o(.ARM.Collect$$$$00000004)
    _main_clock                              0x08000139   Thumb Code     0  entry7b.o(.ARM.Collect$$$$00000008)
    _main_cpp_init                           0x08000139   Thumb Code     0  entry8b.o(.ARM.Collect$$$$0000000A)
    _main_init                               0x08000139   Thumb Code     0  entry9a.o(.ARM.Collect$$$$0000000B)
    __rt_final_cpp                           0x08000141   Thumb Code     0  entry10a.o(.ARM.Collect$$$$0000000D)
    __rt_final_exit                          0x08000141   Thumb Code     0  entry11a.o(.ARM.Collect$$$$0000000F)
    Reset_Handler                            0x08000145   Thumb Code     8  startup_stm32f10x_hd.o(.text)
    ADC1_2_IRQHandler                        0x0800015f   Thumb Code     0  startup_stm32f10x_hd.o(.text)
    ADC3_IRQHandler                          0x0800015f   Thumb Code     0  startup_stm32f10x_hd.o(.text)
    CAN1_RX1_IRQHandler                      0x0800015f   Thumb Code     0  startup_stm32f10x_hd.o(.text)
    CAN1_SCE_IRQHandler                      0x0800015f   Thumb Code     0  startup_stm32f10x_hd.o(.text)
    DMA1_Channel1_IRQHandler                 0x0800015f   Thumb Code     0  startup_stm32f10x_hd.o(.text)
    DMA1_Channel2_IRQHandler                 0x0800015f   Thumb Code     0  startup_stm32f10x_hd.o(.text)
    DMA1_Channel3_IRQHandler                 0x0800015f   Thumb Code     0  startup_stm32f10x_hd.o(.text)
    DMA1_Channel4_IRQHandler                 0x0800015f   Thumb Code     0  startup_stm32f10x_hd.o(.text)
    DMA1_Channel5_IRQHandler                 0x0800015f   Thumb Code     0  startup_stm32f10x_hd.o(.text)
    DMA1_Channel6_IRQHandler                 0x0800015f   Thumb Code     0  startup_stm32f10x_hd.o(.text)
    DMA1_Channel7_IRQHandler                 0x0800015f   Thumb Code     0  startup_stm32f10x_hd.o(.text)
    DMA2_Channel1_IRQHandler                 0x0800015f   Thumb Code     0  startup_stm32f10x_hd.o(.text)
    DMA2_Channel2_IRQHandler                 0x0800015f   Thumb Code     0  startup_stm32f10x_hd.o(.text)
    DMA2_Channel3_IRQHandler                 0x0800015f   Thumb Code     0  startup_stm32f10x_hd.o(.text)
    DMA2_Channel4_5_IRQHandler               0x0800015f   Thumb Code     0  startup_stm32f10x_hd.o(.text)
    EXTI0_IRQHandler                         0x0800015f   Thumb Code     0  startup_stm32f10x_hd.o(.text)
    EXTI15_10_IRQHandler                     0x0800015f   Thumb Code     0  startup_stm32f10x_hd.o(.text)
    EXTI1_IRQHandler                         0x0800015f   Thumb Code     0  startup_stm32f10x_hd.o(.text)
    EXTI2_IRQHandler                         0x0800015f   Thumb Code     0  startup_stm32f10x_hd.o(.text)
    EXTI3_IRQHandler                         0x0800015f   Thumb Code     0  startup_stm32f10x_hd.o(.text)
    EXTI4_IRQHandler                         0x0800015f   Thumb Code     0  startup_stm32f10x_hd.o(.text)
    EXTI9_5_IRQHandler                       0x0800015f   Thumb Code     0  startup_stm32f10x_hd.o(.text)
    FLASH_IRQHandler                         0x0800015f   Thumb Code     0  startup_stm32f10x_hd.o(.text)
    FSMC_IRQHandler                          0x0800015f   Thumb Code     0  startup_stm32f10x_hd.o(.text)
    I2C1_ER_IRQHandler                       0x0800015f   Thumb Code     0  startup_stm32f10x_hd.o(.text)
    I2C1_EV_IRQHandler                       0x0800015f   Thumb Code     0  startup_stm32f10x_hd.o(.text)
    I2C2_ER_IRQHandler                       0x0800015f   Thumb Code     0  startup_stm32f10x_hd.o(.text)
    I2C2_EV_IRQHandler                       0x0800015f   Thumb Code     0  startup_stm32f10x_hd.o(.text)
    PVD_IRQHandler                           0x0800015f   Thumb Code     0  startup_stm32f10x_hd.o(.text)
    RCC_IRQHandler                           0x0800015f   Thumb Code     0  startup_stm32f10x_hd.o(.text)
    RTCAlarm_IRQHandler                      0x0800015f   Thumb Code     0  startup_stm32f10x_hd.o(.text)
    RTC_IRQHandler                           0x0800015f   Thumb Code     0  startup_stm32f10x_hd.o(.text)
    SDIO_IRQHandler                          0x0800015f   Thumb Code     0  startup_stm32f10x_hd.o(.text)
    SPI1_IRQHandler                          0x0800015f   Thumb Code     0  startup_stm32f10x_hd.o(.text)
    SPI2_IRQHandler                          0x0800015f   Thumb Code     0  startup_stm32f10x_hd.o(.text)
    SPI3_IRQHandler                          0x0800015f   Thumb Code     0  startup_stm32f10x_hd.o(.text)
    TAMPER_IRQHandler                        0x0800015f   Thumb Code     0  startup_stm32f10x_hd.o(.text)
    TIM1_BRK_IRQHandler                      0x0800015f   Thumb Code     0  startup_stm32f10x_hd.o(.text)
    TIM1_CC_IRQHandler                       0x0800015f   Thumb Code     0  startup_stm32f10x_hd.o(.text)
    TIM1_TRG_COM_IRQHandler                  0x0800015f   Thumb Code     0  startup_stm32f10x_hd.o(.text)
    TIM1_UP_IRQHandler                       0x0800015f   Thumb Code     0  startup_stm32f10x_hd.o(.text)
    TIM2_IRQHandler                          0x0800015f   Thumb Code     0  startup_stm32f10x_hd.o(.text)
    TIM3_IRQHandler                          0x0800015f   Thumb Code     0  startup_stm32f10x_hd.o(.text)
    TIM5_IRQHandler                          0x0800015f   Thumb Code     0  startup_stm32f10x_hd.o(.text)
    TIM6_IRQHandler                          0x0800015f   Thumb Code     0  startup_stm32f10x_hd.o(.text)
    TIM7_IRQHandler                          0x0800015f   Thumb Code     0  startup_stm32f10x_hd.o(.text)
    TIM8_BRK_IRQHandler                      0x0800015f   Thumb Code     0  startup_stm32f10x_hd.o(.text)
    TIM8_CC_IRQHandler                       0x0800015f   Thumb Code     0  startup_stm32f10x_hd.o(.text)
    TIM8_TRG_COM_IRQHandler                  0x0800015f   Thumb Code     0  startup_stm32f10x_hd.o(.text)
    TIM8_UP_IRQHandler                       0x0800015f   Thumb Code     0  startup_stm32f10x_hd.o(.text)
    UART4_IRQHandler                         0x0800015f   Thumb Code     0  startup_stm32f10x_hd.o(.text)
    UART5_IRQHandler                         0x0800015f   Thumb Code     0  startup_stm32f10x_hd.o(.text)
    USART2_IRQHandler                        0x0800015f   Thumb Code     0  startup_stm32f10x_hd.o(.text)
    USBWakeUp_IRQHandler                     0x0800015f   Thumb Code     0  startup_stm32f10x_hd.o(.text)
    USB_HP_CAN1_TX_IRQHandler                0x0800015f   Thumb Code     0  startup_stm32f10x_hd.o(.text)
    USB_LP_CAN1_RX0_IRQHandler               0x0800015f   Thumb Code     0  startup_stm32f10x_hd.o(.text)
    WWDG_IRQHandler                          0x0800015f   Thumb Code     0  startup_stm32f10x_hd.o(.text)
    tolower                                  0x08000169   Thumb Code    12  tolower.o(.text)
    __aeabi_memcpy                           0x08000175   Thumb Code    36  memcpya.o(.text)
    __aeabi_memcpy4                          0x08000175   Thumb Code     0  memcpya.o(.text)
    __aeabi_memcpy8                          0x08000175   Thumb Code     0  memcpya.o(.text)
    __aeabi_memset                           0x08000199   Thumb Code    14  memseta.o(.text)
    __aeabi_memset4                          0x08000199   Thumb Code     0  memseta.o(.text)
    __aeabi_memset8                          0x08000199   Thumb Code     0  memseta.o(.text)
    __aeabi_memclr                           0x080001a7   Thumb Code     4  memseta.o(.text)
    __aeabi_memclr4                          0x080001a7   Thumb Code     0  memseta.o(.text)
    __aeabi_memclr8                          0x080001a7   Thumb Code     0  memseta.o(.text)
    _memset$wrapper                          0x080001ab   Thumb Code    18  memseta.o(.text)
    strcat                                   0x080001bd   Thumb Code    24  strcat.o(.text)
    strstr                                   0x080001d5   Thumb Code    36  strstr.o(.text)
    strchr                                   0x080001f9   Thumb Code    20  strchr.o(.text)
    strlen                                   0x0800020d   Thumb Code    14  strlen.o(.text)
    strcmp                                   0x0800021b   Thumb Code    28  strcmp.o(.text)
    strncat                                  0x08000237   Thumb Code    40  strncat.o(.text)
    strncmp                                  0x0800025f   Thumb Code    30  strncmp.o(.text)
    _scanf_real                              0x080003a5   Thumb Code     0  scanf_fp.o(.text)
    _scanf_really_real                       0x080003a5   Thumb Code   556  scanf_fp.o(.text)
    __aeabi_fadd                             0x080005dd   Thumb Code   164  fadd.o(.text)
    __aeabi_fsub                             0x08000681   Thumb Code     6  fadd.o(.text)
    __aeabi_frsub                            0x08000687   Thumb Code     6  fadd.o(.text)
    __aeabi_fmul                             0x0800068d   Thumb Code   100  fmul.o(.text)
    __aeabi_fdiv                             0x080006f1   Thumb Code   124  fdiv.o(.text)
    __aeabi_dadd                             0x0800076d   Thumb Code   322  dadd.o(.text)
    __aeabi_dsub                             0x080008af   Thumb Code     6  dadd.o(.text)
    __aeabi_drsub                            0x080008b5   Thumb Code     6  dadd.o(.text)
    __aeabi_dmul                             0x080008bb   Thumb Code   228  dmul.o(.text)
    __aeabi_ddiv                             0x0800099f   Thumb Code   222  ddiv.o(.text)
    __aeabi_i2f                              0x08000a7d   Thumb Code    18  fflti.o(.text)
    __aeabi_ui2f                             0x08000a8f   Thumb Code    10  ffltui.o(.text)
    __aeabi_i2d                              0x08000a99   Thumb Code    34  dflti.o(.text)
    __aeabi_f2iz                             0x08000abb   Thumb Code    50  ffixi.o(.text)
    __aeabi_d2iz                             0x08000aed   Thumb Code    62  dfixi.o(.text)
    __aeabi_f2d                              0x08000b2b   Thumb Code    38  f2d.o(.text)
    __aeabi_cdcmpeq                          0x08000b51   Thumb Code     0  cdcmple.o(.text)
    __aeabi_cdcmple                          0x08000b51   Thumb Code    48  cdcmple.o(.text)
    __aeabi_cdrcmple                         0x08000b81   Thumb Code    48  cdrcmple.o(.text)
    __aeabi_d2f                              0x08000bb1   Thumb Code    56  d2f.o(.text)
    __aeabi_cfcmpeq                          0x08000be9   Thumb Code     0  cfcmple.o(.text)
    __aeabi_cfcmple                          0x08000be9   Thumb Code    20  cfcmple.o(.text)
    __aeabi_cfrcmple                         0x08000bfd   Thumb Code    20  cfrcmple.o(.text)
    __aeabi_uidiv                            0x08000c11   Thumb Code     0  uidiv.o(.text)
    __aeabi_uidivmod                         0x08000c11   Thumb Code    44  uidiv.o(.text)
    __aeabi_uldivmod                         0x08000c3d   Thumb Code    98  uldiv.o(.text)
    __aeabi_llsl                             0x08000c9f   Thumb Code    30  llshl.o(.text)
    _ll_shift_l                              0x08000c9f   Thumb Code     0  llshl.o(.text)
    __aeabi_llsr                             0x08000cbd   Thumb Code    32  llushr.o(.text)
    _ll_ushift_r                             0x08000cbd   Thumb Code     0  llushr.o(.text)
    __aeabi_lasr                             0x08000cdd   Thumb Code    36  llsshr.o(.text)
    _ll_sshift_r                             0x08000cdd   Thumb Code     0  llsshr.o(.text)
    _sgetc                                   0x08000d01   Thumb Code    30  _sgetc.o(.text)
    _sbackspace                              0x08000d1f   Thumb Code    34  _sgetc.o(.text)
    __strtod_int                             0x08000d77   Thumb Code    90  strtod.o(.text)
    __I$use$fp                               0x08000ddd   Thumb Code     0  iusefp.o(.text)
    _float_round                             0x08000ddd   Thumb Code    18  fepilogue.o(.text)
    _float_epilogue                          0x08000def   Thumb Code    92  fepilogue.o(.text)
    _double_round                            0x08000e4b   Thumb Code    30  depilogue.o(.text)
    _double_epilogue                         0x08000e69   Thumb Code   156  depilogue.o(.text)
    __ARM_scalbn                             0x08000f05   Thumb Code    46  dscalb.o(.text)
    scalbn                                   0x08000f05   Thumb Code     0  dscalb.o(.text)
    _dsqrt                                   0x08000f33   Thumb Code   162  dsqrt.o(.text)
    __aeabi_ul2d                             0x08000fd5   Thumb Code    24  dfltul.o(.text)
    __aeabi_d2ulz                            0x08000fed   Thumb Code    48  dfixul.o(.text)
    __scatterload                            0x0800101d   Thumb Code    28  init.o(.text)
    __scatterload_rt2                        0x0800101d   Thumb Code     0  init.o(.text)
    isspace                                  0x08001041   Thumb Code    10  isspace_c.o(.text)
    __ctype_lookup                           0x0800104d   Thumb Code    34  ctype_c.o(.text)
    __decompress                             0x08001075   Thumb Code     0  __dczerorl2.o(.text)
    __decompress1                            0x08001075   Thumb Code    86  __dczerorl2.o(.text)
    ADXL345_AUTO_Adjust                      0x080010cb   Thumb Code   250  adxl345.o(i.ADXL345_AUTO_Adjust)
    ADXL345_Get_Angle                        0x080011c5   Thumb Code   366  adxl345.o(i.ADXL345_Get_Angle)
    ADXL345_Init                             0x08001341   Thumb Code    80  adxl345.o(i.ADXL345_Init)
    ADXL345_RD_Avval                         0x08001391   Thumb Code   106  adxl345.o(i.ADXL345_RD_Avval)
    ADXL345_RD_Reg                           0x080013fb   Thumb Code    66  adxl345.o(i.ADXL345_RD_Reg)
    ADXL345_RD_XYZ                           0x0800143d   Thumb Code   142  adxl345.o(i.ADXL345_RD_XYZ)
    ADXL345_Read_Average                     0x080014cb   Thumb Code   130  adxl345.o(i.ADXL345_Read_Average)
    ADXL345_WR_Reg                           0x0800154d   Thumb Code    46  adxl345.o(i.ADXL345_WR_Reg)
    BusFault_Handler                         0x0800157b   Thumb Code     4  stm32f10x_it.o(i.BusFault_Handler)
    Check_Key_ON_OFF                         0x08001581   Thumb Code   212  git.o(i.Check_Key_ON_OFF)
    DS18B20_GetTemp_MatchRom                 0x080016a5   Thumb Code   150  ds18b20.o(i.DS18B20_GetTemp_MatchRom)
    DS18B20_Init                             0x08001741   Thumb Code    24  ds18b20.o(i.DS18B20_Init)
    DS18B20_ReadId                           0x08001863   Thumb Code    30  ds18b20.o(i.DS18B20_ReadId)
    DebugMon_Handler                         0x08001909   Thumb Code     2  stm32f10x_it.o(i.DebugMon_Handler)
    DevLink                                  0x0800190d   Thumb Code   234  net.o(i.DevLink)
    ESP8266_Clear                            0x08001b2d   Thumb Code    20  esp8266.o(i.ESP8266_Clear)
    ESP8266_GetIPD                           0x08001b49   Thumb Code    68  esp8266.o(i.ESP8266_GetIPD)
    ESP8266_Init                             0x08001b99   Thumb Code   216  esp8266.o(i.ESP8266_Init)
    ESP8266_SendCmd                          0x08001d49   Thumb Code    74  esp8266.o(i.ESP8266_SendCmd)
    ESP8266_SendData                         0x08001d99   Thumb Code    46  esp8266.o(i.ESP8266_SendData)
    ESP8266_WaitRecive                       0x08001ddd   Thumb Code    42  esp8266.o(i.ESP8266_WaitRecive)
    GB16_NUM                                 0x08001e11   Thumb Code    18  oled.o(i.GB16_NUM)
    GENERAL_TIM_Init                         0x08001e7b   Thumb Code    32  timer.o(i.GENERAL_TIM_Init)
    GENERAL_TIM_NVIC_Config                  0x08001f47   Thumb Code    76  timer.o(i.GENERAL_TIM_NVIC_Config)
    GPIO_Init                                0x08001f93   Thumb Code   278  stm32f10x_gpio.o(i.GPIO_Init)
    GPIO_PinRemapConfig                      0x080020a9   Thumb Code   138  stm32f10x_gpio.o(i.GPIO_PinRemapConfig)
    GPIO_ReadInputDataBit                    0x08002139   Thumb Code    18  stm32f10x_gpio.o(i.GPIO_ReadInputDataBit)
    GPIO_ResetBits                           0x0800214b   Thumb Code     4  stm32f10x_gpio.o(i.GPIO_ResetBits)
    GPIO_SetBits                             0x0800214f   Thumb Code     4  stm32f10x_gpio.o(i.GPIO_SetBits)
    HardFault_Handler                        0x08002153   Thumb Code     4  stm32f10x_it.o(i.HardFault_Handler)
    Hardware_Init                            0x08002159   Thumb Code   388  main.o(i.Hardware_Init)
    IIC_Ack                                  0x08002679   Thumb Code    48  myiic.o(i.IIC_Ack)
    IIC_Init                                 0x080026b1   Thumb Code    50  myiic.o(i.IIC_Init)
    IIC_NAck                                 0x080026f1   Thumb Code    48  myiic.o(i.IIC_NAck)
    IIC_Read_Byte                            0x08002729   Thumb Code    80  myiic.o(i.IIC_Read_Byte)
    IIC_Send_Byte                            0x08002781   Thumb Code    72  myiic.o(i.IIC_Send_Byte)
    IIC_Start                                0x080027d1   Thumb Code    46  myiic.o(i.IIC_Start)
    IIC_Stop                                 0x08002809   Thumb Code    44  myiic.o(i.IIC_Stop)
    IIC_Wait_Ack                             0x0800283d   Thumb Code    68  myiic.o(i.IIC_Wait_Ack)
    KEY_Scan                                 0x08002889   Thumb Code    68  key.o(i.KEY_Scan)
    Key_GPIO_Config                          0x080028d5   Thumb Code    32  key.o(i.Key_GPIO_Config)
    LED_Init                                 0x080028f9   Thumb Code    60  led.o(i.LED_Init)
    MQTT_DeleteBuffer                        0x08002941   Thumb Code    28  mqttkit.o(i.MQTT_DeleteBuffer)
    MQTT_DumpLength                          0x0800295d   Thumb Code    46  mqttkit.o(i.MQTT_DumpLength)
    MQTT_FillBuf                             0x0800298d   Thumb Code   302  net.o(i.MQTT_FillBuf)
    MQTT_NewBuffer                           0x08002b4d   Thumb Code    88  mqttkit.o(i.MQTT_NewBuffer)
    MQTT_PacketCmdResp                       0x08002ba5   Thumb Code   132  mqttkit.o(i.MQTT_PacketCmdResp)
    MQTT_PacketConnect                       0x08002c31   Thumb Code   666  mqttkit.o(i.MQTT_PacketConnect)
    MQTT_PacketPublish                       0x08002ed1   Thumb Code   418  mqttkit.o(i.MQTT_PacketPublish)
    MQTT_PacketPublishAck                    0x08003073   Thumb Code    72  mqttkit.o(i.MQTT_PacketPublishAck)
    MQTT_PacketPublishComp                   0x080030bb   Thumb Code    72  mqttkit.o(i.MQTT_PacketPublishComp)
    MQTT_PacketPublishRec                    0x08003103   Thumb Code    72  mqttkit.o(i.MQTT_PacketPublishRec)
    MQTT_PacketPublishRel                    0x0800314b   Thumb Code    72  mqttkit.o(i.MQTT_PacketPublishRel)
    MQTT_PacketSubscribe                     0x08003193   Thumb Code   254  mqttkit.o(i.MQTT_PacketSubscribe)
    MQTT_ReadLength                          0x08003291   Thumb Code    70  mqttkit.o(i.MQTT_ReadLength)
    MQTT_UnPacketCmd                         0x080032d7   Thumb Code   140  mqttkit.o(i.MQTT_UnPacketCmd)
    MQTT_UnPacketConnectAck                  0x08003363   Thumb Code    30  mqttkit.o(i.MQTT_UnPacketConnectAck)
    MQTT_UnPacketPublish                     0x08003381   Thumb Code   438  mqttkit.o(i.MQTT_UnPacketPublish)
    MQTT_UnPacketPublishAck                  0x08003541   Thumb Code    30  mqttkit.o(i.MQTT_UnPacketPublishAck)
    MQTT_UnPacketPublishComp                 0x0800355f   Thumb Code    30  mqttkit.o(i.MQTT_UnPacketPublishComp)
    MQTT_UnPacketPublishRec                  0x0800357d   Thumb Code    30  mqttkit.o(i.MQTT_UnPacketPublishRec)
    MQTT_UnPacketPublishRel                  0x0800359b   Thumb Code    36  mqttkit.o(i.MQTT_UnPacketPublishRel)
    MQTT_UnPacketRecv                        0x080035c1   Thumb Code   106  mqttkit.o(i.MQTT_UnPacketRecv)
    MQTT_UnPacketSubscribe                   0x08003635   Thumb Code    52  mqttkit.o(i.MQTT_UnPacketSubscribe)
    MQTT_UnPacketUnSubscribe                 0x08003669   Thumb Code    18  mqttkit.o(i.MQTT_UnPacketUnSubscribe)
    MemManage_Handler                        0x0800367b   Thumb Code     4  stm32f10x_it.o(i.MemManage_Handler)
    Mqtt_Flage_Info                          0x08003681   Thumb Code    84  net.o(i.Mqtt_Flage_Info)
    Mqtt_Pwd_Info                            0x080036f5   Thumb Code    82  net.o(i.Mqtt_Pwd_Info)
    NMI_Handler                              0x0800375d   Thumb Code     2  stm32f10x_it.o(i.NMI_Handler)
    NVIC_Init                                0x08003761   Thumb Code   100  misc.o(i.NVIC_Init)
    NVIC_PriorityGroupConfig                 0x080037d1   Thumb Code    10  misc.o(i.NVIC_PriorityGroupConfig)
    Net_Init                                 0x080037e5   Thumb Code   150  main.o(i.Net_Init)
    OLED_Clear                               0x080038e1   Thumb Code    10  oled.o(i.OLED_Clear)
    OLED_ColorTurn                           0x080038eb   Thumb Code    28  oled.o(i.OLED_ColorTurn)
    OLED_DisplayTurn                         0x08003907   Thumb Code    44  oled.o(i.OLED_DisplayTurn)
    OLED_Fill                                0x08003933   Thumb Code    66  oled.o(i.OLED_Fill)
    OLED_Init                                0x08003975   Thumb Code   352  oled.o(i.OLED_Init)
    OLED_ShowCH                              0x08003add   Thumb Code   292  oled.o(i.OLED_ShowCH)
    OLED_WR_BP                               0x08003c15   Thumb Code    42  oled.o(i.OLED_WR_BP)
    OLED_WR_Byte                             0x08003c41   Thumb Code   108  oled.o(i.OLED_WR_Byte)
    PendSV_Handler                           0x08003cb5   Thumb Code     2  stm32f10x_it.o(i.PendSV_Handler)
    RCC_APB1PeriphClockCmd                   0x08003cb9   Thumb Code    26  stm32f10x_rcc.o(i.RCC_APB1PeriphClockCmd)
    RCC_APB2PeriphClockCmd                   0x08003cd9   Thumb Code    26  stm32f10x_rcc.o(i.RCC_APB2PeriphClockCmd)
    RCC_GetClocksFreq                        0x08003cf9   Thumb Code   192  stm32f10x_rcc.o(i.RCC_GetClocksFreq)
    R_Test                                   0x08003dcd   Thumb Code    44  flash.o(i.R_Test)
    Read_Data                                0x08003e09   Thumb Code    42  git.o(i.Read_Data)
    Reset_Threshole_Value                    0x08003e3d   Thumb Code    14  git.o(i.Reset_Threshole_Value)
    RevPro                                   0x08003e4d   Thumb Code   512  net.o(i.RevPro)
    SVC_Handler                              0x0800425d   Thumb Code     2  stm32f10x_it.o(i.SVC_Handler)
    SendMqtt                                 0x08004261   Thumb Code   148  net.o(i.SendMqtt)
    SoftWare_Init                            0x080043f9   Thumb Code    42  main.o(i.SoftWare_Init)
    Subscribe                                0x08004435   Thumb Code   152  net.o(i.Subscribe)
    SysTick_CLKSourceConfig                  0x08004521   Thumb Code    40  misc.o(i.SysTick_CLKSourceConfig)
    SysTick_Handler                          0x08004549   Thumb Code     2  stm32f10x_it.o(i.SysTick_Handler)
    Sys_Restart                              0x0800454d   Thumb Code    38  delay.o(i.Sys_Restart)
    SystemInit                               0x0800457d   Thumb Code    78  system_stm32f10x.o(i.SystemInit)
    System_PB34_setIO                        0x080045dd   Thumb Code    36  led.o(i.System_PB34_setIO)
    System_ReadInteriorFlash                 0x08004609   Thumb Code    58  flash.o(i.System_ReadInteriorFlash)
    System_WriteInteriorFlash                0x08004649   Thumb Code   354  flash.o(i.System_WriteInteriorFlash)
    TIM4_IRQHandler                          0x080047c5   Thumb Code   140  timer.o(i.TIM4_IRQHandler)
    TIM_ClearFlag                            0x08004865   Thumb Code     6  stm32f10x_tim.o(i.TIM_ClearFlag)
    TIM_ClearITPendingBit                    0x0800486b   Thumb Code     6  stm32f10x_tim.o(i.TIM_ClearITPendingBit)
    TIM_Cmd                                  0x08004871   Thumb Code    24  stm32f10x_tim.o(i.TIM_Cmd)
    TIM_GetITStatus                          0x08004889   Thumb Code    34  stm32f10x_tim.o(i.TIM_GetITStatus)
    TIM_ITConfig                             0x080048ab   Thumb Code    18  stm32f10x_tim.o(i.TIM_ITConfig)
    TIM_TimeBaseInit                         0x080048bd   Thumb Code   122  stm32f10x_tim.o(i.TIM_TimeBaseInit)
    USART1_IRQHandler                        0x08004975   Thumb Code   122  usart.o(i.USART1_IRQHandler)
    USART3_IRQHandler                        0x080049fd   Thumb Code    62  esp8266.o(i.USART3_IRQHandler)
    USART_ClearFlag                          0x08004a49   Thumb Code    18  stm32f10x_usart.o(i.USART_ClearFlag)
    USART_Cmd                                0x08004a5b   Thumb Code    24  stm32f10x_usart.o(i.USART_Cmd)
    USART_GetFlagStatus                      0x08004a73   Thumb Code    26  stm32f10x_usart.o(i.USART_GetFlagStatus)
    USART_GetITStatus                        0x08004a8d   Thumb Code    84  stm32f10x_usart.o(i.USART_GetITStatus)
    USART_ITConfig                           0x08004ae1   Thumb Code    74  stm32f10x_usart.o(i.USART_ITConfig)
    USART_Init                               0x08004b2d   Thumb Code   210  stm32f10x_usart.o(i.USART_Init)
    USART_ReceiveData                        0x08004c05   Thumb Code    10  stm32f10x_usart.o(i.USART_ReceiveData)
    USART_SendData                           0x08004c0f   Thumb Code     8  stm32f10x_usart.o(i.USART_SendData)
    Update_device_massage                    0x08004c19   Thumb Code   204  git.o(i.Update_device_massage)
    Update_oled_massage                      0x08004d05   Thumb Code   206  git.o(i.Update_oled_massage)
    UsageFault_Handler                       0x08004e45   Thumb Code     4  stm32f10x_it.o(i.UsageFault_Handler)
    Usart1_Init                              0x08004e49   Thumb Code   152  usart.o(i.Usart1_Init)
    Usart3_Init                              0x08004ee9   Thumb Code   162  esp8266.o(i.Usart3_Init)
    Usart3_SendString                        0x08004f95   Thumb Code    44  esp8266.o(i.Usart3_SendString)
    W_Test                                   0x08004fc5   Thumb Code    44  flash.o(i.W_Test)
    __0printf                                0x08005001   Thumb Code    22  printfa.o(i.__0printf)
    __1printf                                0x08005001   Thumb Code     0  printfa.o(i.__0printf)
    __2printf                                0x08005001   Thumb Code     0  printfa.o(i.__0printf)
    __c89printf                              0x08005001   Thumb Code     0  printfa.o(i.__0printf)
    printf                                   0x08005001   Thumb Code     0  printfa.o(i.__0printf)
    __0sprintf                               0x08005021   Thumb Code    34  printfa.o(i.__0sprintf)
    __1sprintf                               0x08005021   Thumb Code     0  printfa.o(i.__0sprintf)
    __2sprintf                               0x08005021   Thumb Code     0  printfa.o(i.__0sprintf)
    __c89sprintf                             0x08005021   Thumb Code     0  printfa.o(i.__0sprintf)
    sprintf                                  0x08005021   Thumb Code     0  printfa.o(i.__0sprintf)
    __ARM_fpclassify                         0x08005049   Thumb Code    40  fpclassify.o(i.__ARM_fpclassify)
    free                                     0x08005071   Thumb Code    88  mallocr.o(i.__free$realloc)
    __kernel_poly                            0x080050cd   Thumb Code   170  poly.o(i.__kernel_poly)
    malloc                                   0x08005179   Thumb Code    64  mallocr.o(i.__malloc$realloc)
    __mathlib_dbl_infnan                     0x080051c9   Thumb Code     6  dunder.o(i.__mathlib_dbl_infnan)
    __mathlib_dbl_underflow                  0x080051d1   Thumb Code    10  dunder.o(i.__mathlib_dbl_underflow)
    __scatterload_copy                       0x080051e1   Thumb Code    14  handlers.o(i.__scatterload_copy)
    __scatterload_null                       0x080051ef   Thumb Code     2  handlers.o(i.__scatterload_null)
    __scatterload_zeroinit                   0x080051f1   Thumb Code    14  handlers.o(i.__scatterload_zeroinit)
    __set_errno                              0x08005201   Thumb Code     6  errno.o(i.__set_errno)
    _is_digit                                0x08005391   Thumb Code    14  scanf_fp.o(i._is_digit)
    atan                                     0x08005ad9   Thumb Code   474  atan.o(i.atan)
    cJSON_Delete                             0x08005d41   Thumb Code    84  cjson.o(i.cJSON_Delete)
    cJSON_GetObjectItem                      0x08005d99   Thumb Code    18  cjson.o(i.cJSON_GetObjectItem)
    cJSON_Parse                              0x08005dc5   Thumb Code    16  cjson.o(i.cJSON_Parse)
    cJSON_ParseWithLengthOpts                0x08005dd5   Thumb Code   204  cjson.o(i.cJSON_ParseWithLengthOpts)
    cJSON_ParseWithOpts                      0x08005ea9   Thumb Code    40  cjson.o(i.cJSON_ParseWithOpts)
    delay_init                               0x08005f19   Thumb Code    50  delay.o(i.delay_init)
    delay_ms                                 0x08005f5d   Thumb Code    72  delay.o(i.delay_ms)
    delay_us                                 0x08005fa9   Thumb Code    72  delay.o(i.delay_us)
    fputc                                    0x08005ff5   Thumb Code    24  usart.o(i.fputc)
    heart_IIC_Ack                            0x08006069   Thumb Code    48  heartiic.o(i.heart_IIC_Ack)
    heart_IIC_Init                           0x080060a1   Thumb Code    80  heartiic.o(i.heart_IIC_Init)
    heart_IIC_NAck                           0x080060fd   Thumb Code    48  heartiic.o(i.heart_IIC_NAck)
    heart_IIC_Read_Byte                      0x08006135   Thumb Code    80  heartiic.o(i.heart_IIC_Read_Byte)
    heart_IIC_Send_Byte                      0x0800618d   Thumb Code    72  heartiic.o(i.heart_IIC_Send_Byte)
    heart_IIC_Start                          0x080061dd   Thumb Code    46  heartiic.o(i.heart_IIC_Start)
    heart_IIC_Stop                           0x08006215   Thumb Code    44  heartiic.o(i.heart_IIC_Stop)
    heart_IIC_Wait_Ack                       0x08006249   Thumb Code    68  heartiic.o(i.heart_IIC_Wait_Ack)
    main                                     0x080062e5   Thumb Code    82  main.o(i.main)
    massage_parse_json                       0x08006349   Thumb Code   134  git.o(i.massage_parse_json)
    max30102_Bus_Read                        0x08006405   Thumb Code    82  max30102.o(i.max30102_Bus_Read)
    max30102_Bus_Write                       0x08006457   Thumb Code    68  max30102.o(i.max30102_Bus_Write)
    max30102_FIFO_ReadBytes                  0x0800649b   Thumb Code   128  max30102.o(i.max30102_FIFO_ReadBytes)
    max30102_init                            0x0800651d   Thumb Code   128  max30102.o(i.max30102_init)
    max30102_reset                           0x080065a1   Thumb Code    20  max30102.o(i.max30102_reset)
    maxim_find_peaks                         0x080065b5   Thumb Code    66  algorithm.o(i.maxim_find_peaks)
    maxim_heart_rate_and_oxygen_saturation   0x080065f9   Thumb Code  1272  algorithm.o(i.maxim_heart_rate_and_oxygen_saturation)
    maxim_peaks_above_min_height             0x08006af9   Thumb Code   122  algorithm.o(i.maxim_peaks_above_min_height)
    maxim_remove_close_peaks                 0x08006b73   Thumb Code   114  algorithm.o(i.maxim_remove_close_peaks)
    maxim_sort_ascend                        0x08006be5   Thumb Code    54  algorithm.o(i.maxim_sort_ascend)
    maxim_sort_indices_descend               0x08006c1b   Thumb Code    64  algorithm.o(i.maxim_sort_indices_descend)
    obtain_bus                               0x08006c5d   Thumb Code   340  bus.o(i.obtain_bus)
    realloc                                  0x08007479   Thumb Code   102  mallocr.o(i.realloc)
    sqrt                                     0x08007521   Thumb Code    76  sqrt.o(i.sqrt)
    strtod                                   0x0800756d   Thumb Code    28  strtod.o(i.strtod)
    task1                                    0x08007589   Thumb Code    34  main.o(i.task1)
    task2                                    0x080075b9   Thumb Code    68  main.o(i.task2)
    timer_init                               0x08007605   Thumb Code    28  task.o(i.timer_init)
    timer_loop                               0x08007625   Thumb Code    54  task.o(i.timer_loop)
    timer_start                              0x08007665   Thumb Code    38  task.o(i.timer_start)
    timer_stop                               0x08007691   Thumb Code    32  task.o(i.timer_stop)
    timer_ticks                              0x080076b5   Thumb Code    12  task.o(i.timer_ticks)
    auw_hamm                                 0x08007814   Data          62  algorithm.o(.constdata)
    uch_spo2_table                           0x08007852   Data         184  algorithm.o(.constdata)
    __ctype_categories                       0x080079a8   Data          64  ctype_c.o(.constdata)
    Region$$Table$$Base                      0x080079fc   Number         0  anon$$obj.o(Region$$Table)
    Region$$Table$$Limit                     0x08007a1c   Number         0  anon$$obj.o(Region$$Table)
    n_ir_buffer_length                       0x20000000   Data           4  main.o(.data)
    n_sp02                                   0x20000004   Data           4  main.o(.data)
    ch_spo2_valid                            0x20000008   Data           1  main.o(.data)
    n_heart_rate                             0x2000000c   Data           4  main.o(.data)
    ch_hr_valid                              0x20000010   Data           1  main.o(.data)
    uch_dummy                                0x20000011   Data           1  main.o(.data)
    un_min                                   0x20000014   Data           4  main.o(.data)
    un_max                                   0x20000018   Data           4  main.o(.data)
    un_prev_data                             0x2000001c   Data           4  main.o(.data)
    i                                        0x20000020   Data           4  main.o(.data)
    n_brightness                             0x20000024   Data           4  main.o(.data)
    f_temp                                   0x20000028   Data           4  main.o(.data)
    temp_num                                 0x2000002c   Data           1  main.o(.data)
    temp                                     0x2000002d   Data           6  main.o(.data)
    dis_hr                                   0x20000033   Data           1  main.o(.data)
    dis_spo2                                 0x20000034   Data           1  main.o(.data)
    topics                                   0x20000038   Data           4  main.o(.data)
    SystemCoreClock                          0x2000003c   Data           4  system_stm32f10x.o(.data)
    AHBPrescTable                            0x20000040   Data          16  system_stm32f10x.o(.data)
    zf                                       0x20000054   Data        1520  oled.o(.data)
    hz                                       0x20000644   Data        1120  oled.o(.data)
    hz_index                                 0x20000aa4   Data          71  oled.o(.data)
    zf_index                                 0x20000aeb   Data          96  oled.o(.data)
    HZ                                       0x20000b4c   Data           4  oled.o(.data)
    addrShort1                               0x20000b50   Data           4  flash.o(.data)
    addrShort2                               0x20000b54   Data           4  flash.o(.data)
    addrShort3                               0x20000b58   Data           4  flash.o(.data)
    ucDs18b20Id                              0x20000b5c   Data           8  ds18b20.o(.data)
    x                                        0x20000b64   Data           2  adxl345.o(.data)
    y                                        0x20000b66   Data           2  adxl345.o(.data)
    z                                        0x20000b68   Data           2  adxl345.o(.data)
    now_angx                                 0x20000b6a   Data           2  adxl345.o(.data)
    now_angy                                 0x20000b6c   Data           2  adxl345.o(.data)
    now_angz                                 0x20000b6e   Data           2  adxl345.o(.data)
    fall_tick                                0x20000b70   Data           4  bus.o(.data)
    bus                                      0x20000b74   Data           4  bus.o(.data)
    fall_flag                                0x20000b78   Data           1  bus.o(.data)
    bus_flag                                 0x20000b79   Data           1  bus.o(.data)
    last_busflag                             0x20000b7a   Data           1  bus.o(.data)
    last_angx                                0x20000b7c   Data           2  bus.o(.data)
    last_angy                                0x20000b7e   Data           2  bus.o(.data)
    last_angz                                0x20000b80   Data           2  bus.o(.data)
    BUS_Angle                                0x20000b82   Data           2  bus.o(.data)
    FALL_Angle                               0x20000b84   Data           2  bus.o(.data)
    __stdout                                 0x20000b8c   Data           4  usart.o(.data)
    USART_RX_STA                             0x20000b90   Data           2  usart.o(.data)
    esp8266_cnt                              0x20000ba6   Data           2  esp8266.o(.data)
    esp8266_cntPre                           0x20000ba8   Data           2  esp8266.o(.data)
    Connect_Net                              0x20000bc0   Data           1  net.o(.data)
    threshold_value_init                     0x20000bc4   Data           8  git.o(.data)
    device_state_init                        0x20000bcc   Data           6  git.o(.data)
    time_4                                   0x20000bdc   Data           4  timer.o(.data)
    time25ms                                 0x20000be0   Data           1  timer.o(.data)
    Usart2_Time                              0x20000be2   Data           2  timer.o(.data)
    TimeCount1ms                             0x20000be4   Data           4  timer.o(.data)
    bTimeout10ms                             0x20000be8   Data           1  timer.o(.data)
    __microlib_freelist                      0x20000bec   Data           4  mvars.o(.data)
    __microlib_freelist_initialised          0x20000bf0   Data           4  mvars.o(.data)
    aun_ir_buffer                            0x200013f8   Data        2000  main.o(.bss)
    aun_red_buffer                           0x20001bc8   Data        2000  main.o(.bss)
    str                                      0x20002398   Data         100  main.o(.bss)
    USART_RX_BUF                             0x2000438c   Data         200  usart.o(.bss)
    Time_buff                                0x20004c54   Data         100  esp8266.o(.bss)
    esp8266_buf                              0x20004cb8   Data         256  esp8266.o(.bss)
    Data_init                                0x200055b8   Data          24  git.o(.bss)
    __heap_base                              0x200055d0   Data           0  startup_stm32f10x_hd.o(HEAP)
    __heap_limit                             0x200061d0   Data           0  startup_stm32f10x_hd.o(HEAP)
    __initial_sp                             0x200065d0   Data           0  startup_stm32f10x_hd.o(STACK)



==============================================================================

Memory Map of the image

  Image Entry point : 0x08000145

  Load Region LR_1 (Base: 0x08000000, Size: 0x00008614, Max: 0xffffffff, ABSOLUTE, COMPRESSED[0x0000822c])

    Execution Region ER_RO (Exec base: 0x08000000, Load base: 0x08000000, Size: 0x00007a1c, Max: 0xffffffff, ABSOLUTE)

    Exec Addr    Load Addr    Size         Type   Attr      Idx    E Section Name        Object

    0x08000000   0x08000000   0x00000130   Data   RO         1147    RESET               startup_stm32f10x_hd.o
    0x08000130   0x08000130   0x00000000   Code   RO         4264  * .ARM.Collect$$$$00000000  mc_w.l(entry.o)
    0x08000130   0x08000130   0x00000004   Code   RO         4638    .ARM.Collect$$$$00000001  mc_w.l(entry2.o)
    0x08000134   0x08000134   0x00000004   Code   RO         4641    .ARM.Collect$$$$00000004  mc_w.l(entry5.o)
    0x08000138   0x08000138   0x00000000   Code   RO         4643    .ARM.Collect$$$$00000008  mc_w.l(entry7b.o)
    0x08000138   0x08000138   0x00000000   Code   RO         4645    .ARM.Collect$$$$0000000A  mc_w.l(entry8b.o)
    0x08000138   0x08000138   0x00000008   Code   RO         4646    .ARM.Collect$$$$0000000B  mc_w.l(entry9a.o)
    0x08000140   0x08000140   0x00000000   Code   RO         4648    .ARM.Collect$$$$0000000D  mc_w.l(entry10a.o)
    0x08000140   0x08000140   0x00000000   Code   RO         4650    .ARM.Collect$$$$0000000F  mc_w.l(entry11a.o)
    0x08000140   0x08000140   0x00000004   Code   RO         4639    .ARM.Collect$$$$00002712  mc_w.l(entry2.o)
    0x08000144   0x08000144   0x00000024   Code   RO         1148  * .text               startup_stm32f10x_hd.o
    0x08000168   0x08000168   0x0000000c   Code   RO         4267    .text               mc_w.l(tolower.o)
    0x08000174   0x08000174   0x00000024   Code   RO         4269    .text               mc_w.l(memcpya.o)
    0x08000198   0x08000198   0x00000024   Code   RO         4271    .text               mc_w.l(memseta.o)
    0x080001bc   0x080001bc   0x00000018   Code   RO         4273    .text               mc_w.l(strcat.o)
    0x080001d4   0x080001d4   0x00000024   Code   RO         4275    .text               mc_w.l(strstr.o)
    0x080001f8   0x080001f8   0x00000014   Code   RO         4277    .text               mc_w.l(strchr.o)
    0x0800020c   0x0800020c   0x0000000e   Code   RO         4279    .text               mc_w.l(strlen.o)
    0x0800021a   0x0800021a   0x0000001c   Code   RO         4281    .text               mc_w.l(strcmp.o)
    0x08000236   0x08000236   0x00000028   Code   RO         4283    .text               mc_w.l(strncat.o)
    0x0800025e   0x0800025e   0x0000001e   Code   RO         4287    .text               mc_w.l(strncmp.o)
    0x0800027c   0x0800027c   0x00000360   Code   RO         4582    .text               mc_w.l(scanf_fp.o)
    0x080005dc   0x080005dc   0x000000b0   Code   RO         4586    .text               mf_w.l(fadd.o)
    0x0800068c   0x0800068c   0x00000064   Code   RO         4588    .text               mf_w.l(fmul.o)
    0x080006f0   0x080006f0   0x0000007c   Code   RO         4590    .text               mf_w.l(fdiv.o)
    0x0800076c   0x0800076c   0x0000014e   Code   RO         4592    .text               mf_w.l(dadd.o)
    0x080008ba   0x080008ba   0x000000e4   Code   RO         4594    .text               mf_w.l(dmul.o)
    0x0800099e   0x0800099e   0x000000de   Code   RO         4596    .text               mf_w.l(ddiv.o)
    0x08000a7c   0x08000a7c   0x00000012   Code   RO         4598    .text               mf_w.l(fflti.o)
    0x08000a8e   0x08000a8e   0x0000000a   Code   RO         4600    .text               mf_w.l(ffltui.o)
    0x08000a98   0x08000a98   0x00000022   Code   RO         4602    .text               mf_w.l(dflti.o)
    0x08000aba   0x08000aba   0x00000032   Code   RO         4604    .text               mf_w.l(ffixi.o)
    0x08000aec   0x08000aec   0x0000003e   Code   RO         4606    .text               mf_w.l(dfixi.o)
    0x08000b2a   0x08000b2a   0x00000026   Code   RO         4608    .text               mf_w.l(f2d.o)
    0x08000b50   0x08000b50   0x00000030   Code   RO         4610    .text               mf_w.l(cdcmple.o)
    0x08000b80   0x08000b80   0x00000030   Code   RO         4612    .text               mf_w.l(cdrcmple.o)
    0x08000bb0   0x08000bb0   0x00000038   Code   RO         4614    .text               mf_w.l(d2f.o)
    0x08000be8   0x08000be8   0x00000014   Code   RO         4616    .text               mf_w.l(cfcmple.o)
    0x08000bfc   0x08000bfc   0x00000014   Code   RO         4618    .text               mf_w.l(cfrcmple.o)
    0x08000c10   0x08000c10   0x0000002c   Code   RO         4652    .text               mc_w.l(uidiv.o)
    0x08000c3c   0x08000c3c   0x00000062   Code   RO         4654    .text               mc_w.l(uldiv.o)
    0x08000c9e   0x08000c9e   0x0000001e   Code   RO         4656    .text               mc_w.l(llshl.o)
    0x08000cbc   0x08000cbc   0x00000020   Code   RO         4658    .text               mc_w.l(llushr.o)
    0x08000cdc   0x08000cdc   0x00000024   Code   RO         4660    .text               mc_w.l(llsshr.o)
    0x08000d00   0x08000d00   0x00000040   Code   RO         4673    .text               mc_w.l(_sgetc.o)
    0x08000d40   0x08000d40   0x0000009c   Code   RO         4675    .text               mc_w.l(strtod.o)
    0x08000ddc   0x08000ddc   0x00000000   Code   RO         4677    .text               mc_w.l(iusefp.o)
    0x08000ddc   0x08000ddc   0x0000006e   Code   RO         4678    .text               mf_w.l(fepilogue.o)
    0x08000e4a   0x08000e4a   0x000000ba   Code   RO         4680    .text               mf_w.l(depilogue.o)
    0x08000f04   0x08000f04   0x0000002e   Code   RO         4682    .text               mf_w.l(dscalb.o)
    0x08000f32   0x08000f32   0x000000a2   Code   RO         4684    .text               mf_w.l(dsqrt.o)
    0x08000fd4   0x08000fd4   0x00000018   Code   RO         4686    .text               mf_w.l(dfltul.o)
    0x08000fec   0x08000fec   0x00000030   Code   RO         4688    .text               mf_w.l(dfixul.o)
    0x0800101c   0x0800101c   0x00000024   Code   RO         4690    .text               mc_w.l(init.o)
    0x08001040   0x08001040   0x0000000a   Code   RO         4692    .text               mc_w.l(isspace_c.o)
    0x0800104a   0x0800104a   0x00000002   PAD
    0x0800104c   0x0800104c   0x00000028   Code   RO         4696    .text               mc_w.l(ctype_c.o)
    0x08001074   0x08001074   0x00000056   Code   RO         4707    .text               mc_w.l(__dczerorl2.o)
    0x080010ca   0x080010ca   0x000000fa   Code   RO          855    i.ADXL345_AUTO_Adjust  adxl345.o
    0x080011c4   0x080011c4   0x0000017c   Code   RO          856    i.ADXL345_Get_Angle  adxl345.o
    0x08001340   0x08001340   0x00000050   Code   RO          857    i.ADXL345_Init      adxl345.o
    0x08001390   0x08001390   0x0000006a   Code   RO          858    i.ADXL345_RD_Avval  adxl345.o
    0x080013fa   0x080013fa   0x00000042   Code   RO          859    i.ADXL345_RD_Reg    adxl345.o
    0x0800143c   0x0800143c   0x0000008e   Code   RO          860    i.ADXL345_RD_XYZ    adxl345.o
    0x080014ca   0x080014ca   0x00000082   Code   RO          861    i.ADXL345_Read_Average  adxl345.o
    0x0800154c   0x0800154c   0x0000002e   Code   RO          862    i.ADXL345_WR_Reg    adxl345.o
    0x0800157a   0x0800157a   0x00000004   Code   RO          229    i.BusFault_Handler  stm32f10x_it.o
    0x0800157e   0x0800157e   0x00000002   PAD
    0x08001580   0x08001580   0x000000f8   Code   RO         4075    i.Check_Key_ON_OFF  git.o
    0x08001678   0x08001678   0x0000002c   Code   RO          769    i.DS18B20_GPIO_Config  ds18b20.o
    0x080016a4   0x080016a4   0x0000009c   Code   RO          770    i.DS18B20_GetTemp_MatchRom  ds18b20.o
    0x08001740   0x08001740   0x0000001c   Code   RO          772    i.DS18B20_Init      ds18b20.o
    0x0800175c   0x0800175c   0x00000012   Code   RO          773    i.DS18B20_MatchRom  ds18b20.o
    0x0800176e   0x0800176e   0x00000002   PAD
    0x08001770   0x08001770   0x0000001c   Code   RO          774    i.DS18B20_Mode_IPU  ds18b20.o
    0x0800178c   0x0800178c   0x00000024   Code   RO          775    i.DS18B20_Mode_Out_PP  ds18b20.o
    0x080017b0   0x080017b0   0x00000058   Code   RO          776    i.DS18B20_Presence  ds18b20.o
    0x08001808   0x08001808   0x00000038   Code   RO          777    i.DS18B20_ReadBit   ds18b20.o
    0x08001840   0x08001840   0x00000022   Code   RO          778    i.DS18B20_ReadByte  ds18b20.o
    0x08001862   0x08001862   0x0000001e   Code   RO          779    i.DS18B20_ReadId    ds18b20.o
    0x08001880   0x08001880   0x0000002c   Code   RO          780    i.DS18B20_Rst       ds18b20.o
    0x080018ac   0x080018ac   0x0000005c   Code   RO          782    i.DS18B20_WriteByte  ds18b20.o
    0x08001908   0x08001908   0x00000002   Code   RO          230    i.DebugMon_Handler  stm32f10x_it.o
    0x0800190a   0x0800190a   0x00000002   PAD
    0x0800190c   0x0800190c   0x00000220   Code   RO         3982    i.DevLink           net.o
    0x08001b2c   0x08001b2c   0x0000001c   Code   RO         3040    i.ESP8266_Clear     esp8266.o
    0x08001b48   0x08001b48   0x00000050   Code   RO         3041    i.ESP8266_GetIPD    esp8266.o
    0x08001b98   0x08001b98   0x000001b0   Code   RO         3043    i.ESP8266_Init      esp8266.o
    0x08001d48   0x08001d48   0x00000050   Code   RO         3044    i.ESP8266_SendCmd   esp8266.o
    0x08001d98   0x08001d98   0x00000044   Code   RO         3045    i.ESP8266_SendData  esp8266.o
    0x08001ddc   0x08001ddc   0x00000034   Code   RO         3047    i.ESP8266_WaitRecive  esp8266.o
    0x08001e10   0x08001e10   0x00000018   Code   RO          397    i.GB16_NUM          oled.o
    0x08001e28   0x08001e28   0x00000052   Code   RO         4176    i.GENERAL_TIMClock_Enable  timer.o
    0x08001e7a   0x08001e7a   0x00000020   Code   RO         4177    i.GENERAL_TIM_Init  timer.o
    0x08001e9a   0x08001e9a   0x000000ac   Code   RO         4178    i.GENERAL_TIM_Mode_Config  timer.o
    0x08001f46   0x08001f46   0x0000004c   Code   RO         4179    i.GENERAL_TIM_NVIC_Config  timer.o
    0x08001f92   0x08001f92   0x00000116   Code   RO         1194    i.GPIO_Init         stm32f10x_gpio.o
    0x080020a8   0x080020a8   0x00000090   Code   RO         1196    i.GPIO_PinRemapConfig  stm32f10x_gpio.o
    0x08002138   0x08002138   0x00000012   Code   RO         1198    i.GPIO_ReadInputDataBit  stm32f10x_gpio.o
    0x0800214a   0x0800214a   0x00000004   Code   RO         1201    i.GPIO_ResetBits    stm32f10x_gpio.o
    0x0800214e   0x0800214e   0x00000004   Code   RO         1202    i.GPIO_SetBits      stm32f10x_gpio.o
    0x08002152   0x08002152   0x00000004   Code   RO          231    i.HardFault_Handler  stm32f10x_it.o
    0x08002156   0x08002156   0x00000002   PAD
    0x08002158   0x08002158   0x000001e8   Code   RO            1    i.Hardware_Init     main.o
    0x08002340   0x08002340   0x00000028   Code   RO          635    i.Heart_SDA_IN      heartiic.o
    0x08002368   0x08002368   0x0000002c   Code   RO          636    i.Heart_SDA_OUT     heartiic.o
    0x08002394   0x08002394   0x000002e4   Code   RO            2    i.Heart_num         main.o
    0x08002678   0x08002678   0x00000038   Code   RO          941    i.IIC_Ack           myiic.o
    0x080026b0   0x080026b0   0x00000040   Code   RO          942    i.IIC_Init          myiic.o
    0x080026f0   0x080026f0   0x00000038   Code   RO          943    i.IIC_NAck          myiic.o
    0x08002728   0x08002728   0x00000058   Code   RO          944    i.IIC_Read_Byte     myiic.o
    0x08002780   0x08002780   0x00000050   Code   RO          945    i.IIC_Send_Byte     myiic.o
    0x080027d0   0x080027d0   0x00000038   Code   RO          946    i.IIC_Start         myiic.o
    0x08002808   0x08002808   0x00000034   Code   RO          947    i.IIC_Stop          myiic.o
    0x0800283c   0x0800283c   0x0000004c   Code   RO          948    i.IIC_Wait_Ack      myiic.o
    0x08002888   0x08002888   0x0000004c   Code   RO          372    i.KEY_Scan          key.o
    0x080028d4   0x080028d4   0x00000024   Code   RO          373    i.Key_GPIO_Config   key.o
    0x080028f8   0x080028f8   0x00000048   Code   RO          352    i.LED_Init          led.o
    0x08002940   0x08002940   0x0000001c   Code   RO         3798    i.MQTT_DeleteBuffer  mqttkit.o
    0x0800295c   0x0800295c   0x0000002e   Code   RO         3799    i.MQTT_DumpLength   mqttkit.o
    0x0800298a   0x0800298a   0x00000002   PAD
    0x0800298c   0x0800298c   0x000001c0   Code   RO         3984    i.MQTT_FillBuf      net.o
    0x08002b4c   0x08002b4c   0x00000058   Code   RO         3800    i.MQTT_NewBuffer    mqttkit.o
    0x08002ba4   0x08002ba4   0x0000008c   Code   RO         3801    i.MQTT_PacketCmdResp  mqttkit.o
    0x08002c30   0x08002c30   0x000002a0   Code   RO         3802    i.MQTT_PacketConnect  mqttkit.o
    0x08002ed0   0x08002ed0   0x000001a2   Code   RO         3805    i.MQTT_PacketPublish  mqttkit.o
    0x08003072   0x08003072   0x00000048   Code   RO         3806    i.MQTT_PacketPublishAck  mqttkit.o
    0x080030ba   0x080030ba   0x00000048   Code   RO         3807    i.MQTT_PacketPublishComp  mqttkit.o
    0x08003102   0x08003102   0x00000048   Code   RO         3808    i.MQTT_PacketPublishRec  mqttkit.o
    0x0800314a   0x0800314a   0x00000048   Code   RO         3809    i.MQTT_PacketPublishRel  mqttkit.o
    0x08003192   0x08003192   0x000000fe   Code   RO         3812    i.MQTT_PacketSubscribe  mqttkit.o
    0x08003290   0x08003290   0x00000046   Code   RO         3814    i.MQTT_ReadLength   mqttkit.o
    0x080032d6   0x080032d6   0x0000008c   Code   RO         3815    i.MQTT_UnPacketCmd  mqttkit.o
    0x08003362   0x08003362   0x0000001e   Code   RO         3816    i.MQTT_UnPacketConnectAck  mqttkit.o
    0x08003380   0x08003380   0x000001c0   Code   RO         3817    i.MQTT_UnPacketPublish  mqttkit.o
    0x08003540   0x08003540   0x0000001e   Code   RO         3818    i.MQTT_UnPacketPublishAck  mqttkit.o
    0x0800355e   0x0800355e   0x0000001e   Code   RO         3819    i.MQTT_UnPacketPublishComp  mqttkit.o
    0x0800357c   0x0800357c   0x0000001e   Code   RO         3820    i.MQTT_UnPacketPublishRec  mqttkit.o
    0x0800359a   0x0800359a   0x00000024   Code   RO         3821    i.MQTT_UnPacketPublishRel  mqttkit.o
    0x080035be   0x080035be   0x00000002   PAD
    0x080035c0   0x080035c0   0x00000074   Code   RO         3822    i.MQTT_UnPacketRecv  mqttkit.o
    0x08003634   0x08003634   0x00000034   Code   RO         3823    i.MQTT_UnPacketSubscribe  mqttkit.o
    0x08003668   0x08003668   0x00000012   Code   RO         3824    i.MQTT_UnPacketUnSubscribe  mqttkit.o
    0x0800367a   0x0800367a   0x00000004   Code   RO          232    i.MemManage_Handler  stm32f10x_it.o
    0x0800367e   0x0800367e   0x00000002   PAD
    0x08003680   0x08003680   0x00000074   Code   RO         3986    i.Mqtt_Flage_Info   net.o
    0x080036f4   0x080036f4   0x00000068   Code   RO         3987    i.Mqtt_Pwd_Info     net.o
    0x0800375c   0x0800375c   0x00000002   Code   RO          233    i.NMI_Handler       stm32f10x_it.o
    0x0800375e   0x0800375e   0x00000002   PAD
    0x08003760   0x08003760   0x00000070   Code   RO         1152    i.NVIC_Init         misc.o
    0x080037d0   0x080037d0   0x00000014   Code   RO         1153    i.NVIC_PriorityGroupConfig  misc.o
    0x080037e4   0x080037e4   0x000000fc   Code   RO            3    i.Net_Init          main.o
    0x080038e0   0x080038e0   0x0000000a   Code   RO          398    i.OLED_Clear        oled.o
    0x080038ea   0x080038ea   0x0000001c   Code   RO          400    i.OLED_ColorTurn    oled.o
    0x08003906   0x08003906   0x0000002c   Code   RO          403    i.OLED_DisplayTurn  oled.o
    0x08003932   0x08003932   0x00000042   Code   RO          406    i.OLED_Fill         oled.o
    0x08003974   0x08003974   0x00000168   Code   RO          407    i.OLED_Init         oled.o
    0x08003adc   0x08003adc   0x00000138   Code   RO          409    i.OLED_ShowCH       oled.o
    0x08003c14   0x08003c14   0x0000002a   Code   RO          413    i.OLED_WR_BP        oled.o
    0x08003c3e   0x08003c3e   0x00000002   PAD
    0x08003c40   0x08003c40   0x00000074   Code   RO          414    i.OLED_WR_Byte      oled.o
    0x08003cb4   0x08003cb4   0x00000002   Code   RO          234    i.PendSV_Handler    stm32f10x_it.o
    0x08003cb6   0x08003cb6   0x00000002   PAD
    0x08003cb8   0x08003cb8   0x00000020   Code   RO         2716    i.RCC_APB1PeriphClockCmd  stm32f10x_rcc.o
    0x08003cd8   0x08003cd8   0x00000020   Code   RO         2718    i.RCC_APB2PeriphClockCmd  stm32f10x_rcc.o
    0x08003cf8   0x08003cf8   0x000000d4   Code   RO         2726    i.RCC_GetClocksFreq  stm32f10x_rcc.o
    0x08003dcc   0x08003dcc   0x0000003c   Code   RO          527    i.R_Test            flash.o
    0x08003e08   0x08003e08   0x00000034   Code   RO         4076    i.Read_Data         git.o
    0x08003e3c   0x08003e3c   0x0000000e   Code   RO         4077    i.Reset_Threshole_Value  git.o
    0x08003e4a   0x08003e4a   0x00000002   PAD
    0x08003e4c   0x08003e4c   0x000003c0   Code   RO         3990    i.RevPro            net.o
    0x0800420c   0x0800420c   0x00000024   Code   RO          949    i.SDA_IN            myiic.o
    0x08004230   0x08004230   0x0000002c   Code   RO          950    i.SDA_OUT           myiic.o
    0x0800425c   0x0800425c   0x00000002   Code   RO          235    i.SVC_Handler       stm32f10x_it.o
    0x0800425e   0x0800425e   0x00000002   PAD
    0x08004260   0x08004260   0x000000b0   Code   RO         3992    i.SendMqtt          net.o
    0x08004310   0x08004310   0x00000008   Code   RO          318    i.SetSysClock       system_stm32f10x.o
    0x08004318   0x08004318   0x000000e0   Code   RO          319    i.SetSysClockTo72   system_stm32f10x.o
    0x080043f8   0x080043f8   0x0000003c   Code   RO            4    i.SoftWare_Init     main.o
    0x08004434   0x08004434   0x000000ec   Code   RO         3993    i.Subscribe         net.o
    0x08004520   0x08004520   0x00000028   Code   RO         1156    i.SysTick_CLKSourceConfig  misc.o
    0x08004548   0x08004548   0x00000002   Code   RO          236    i.SysTick_Handler   stm32f10x_it.o
    0x0800454a   0x0800454a   0x00000002   PAD
    0x0800454c   0x0800454c   0x00000030   Code   RO         1005    i.Sys_Restart       delay.o
    0x0800457c   0x0800457c   0x00000060   Code   RO          321    i.SystemInit        system_stm32f10x.o
    0x080045dc   0x080045dc   0x0000002c   Code   RO          353    i.System_PB34_setIO  led.o
    0x08004608   0x08004608   0x00000040   Code   RO          528    i.System_ReadInteriorFlash  flash.o
    0x08004648   0x08004648   0x0000017c   Code   RO          529    i.System_WriteInteriorFlash  flash.o
    0x080047c4   0x080047c4   0x000000a0   Code   RO         4180    i.TIM4_IRQHandler   timer.o
    0x08004864   0x08004864   0x00000006   Code   RO         1666    i.TIM_ClearFlag     stm32f10x_tim.o
    0x0800486a   0x0800486a   0x00000006   Code   RO         1667    i.TIM_ClearITPendingBit  stm32f10x_tim.o
    0x08004870   0x08004870   0x00000018   Code   RO         1672    i.TIM_Cmd           stm32f10x_tim.o
    0x08004888   0x08004888   0x00000022   Code   RO         1693    i.TIM_GetITStatus   stm32f10x_tim.o
    0x080048aa   0x080048aa   0x00000012   Code   RO         1697    i.TIM_ITConfig      stm32f10x_tim.o
    0x080048bc   0x080048bc   0x000000a4   Code   RO         1743    i.TIM_TimeBaseInit  stm32f10x_tim.o
    0x08004960   0x08004960   0x00000014   Code   RO         4181    i.TimeModule_get    timer.o
    0x08004974   0x08004974   0x00000088   Code   RO         1070    i.USART1_IRQHandler  usart.o
    0x080049fc   0x080049fc   0x0000004c   Code   RO         3049    i.USART3_IRQHandler  esp8266.o
    0x08004a48   0x08004a48   0x00000012   Code   RO         1302    i.USART_ClearFlag   stm32f10x_usart.o
    0x08004a5a   0x08004a5a   0x00000018   Code   RO         1306    i.USART_Cmd         stm32f10x_usart.o
    0x08004a72   0x08004a72   0x0000001a   Code   RO         1309    i.USART_GetFlagStatus  stm32f10x_usart.o
    0x08004a8c   0x08004a8c   0x00000054   Code   RO         1310    i.USART_GetITStatus  stm32f10x_usart.o
    0x08004ae0   0x08004ae0   0x0000004a   Code   RO         1312    i.USART_ITConfig    stm32f10x_usart.o
    0x08004b2a   0x08004b2a   0x00000002   PAD
    0x08004b2c   0x08004b2c   0x000000d8   Code   RO         1313    i.USART_Init        stm32f10x_usart.o
    0x08004c04   0x08004c04   0x0000000a   Code   RO         1320    i.USART_ReceiveData  stm32f10x_usart.o
    0x08004c0e   0x08004c0e   0x00000008   Code   RO         1323    i.USART_SendData    stm32f10x_usart.o
    0x08004c16   0x08004c16   0x00000002   PAD
    0x08004c18   0x08004c18   0x000000ec   Code   RO         4078    i.Update_device_massage  git.o
    0x08004d04   0x08004d04   0x00000140   Code   RO         4079    i.Update_oled_massage  git.o
    0x08004e44   0x08004e44   0x00000004   Code   RO          237    i.UsageFault_Handler  stm32f10x_it.o
    0x08004e48   0x08004e48   0x000000a0   Code   RO         1071    i.Usart1_Init       usart.o
    0x08004ee8   0x08004ee8   0x000000ac   Code   RO         3050    i.Usart3_Init       esp8266.o
    0x08004f94   0x08004f94   0x00000030   Code   RO         3051    i.Usart3_SendString  esp8266.o
    0x08004fc4   0x08004fc4   0x0000003c   Code   RO          531    i.W_Test            flash.o
    0x08005000   0x08005000   0x00000020   Code   RO         4524    i.__0printf         mc_w.l(printfa.o)
    0x08005020   0x08005020   0x00000028   Code   RO         4526    i.__0sprintf        mc_w.l(printfa.o)
    0x08005048   0x08005048   0x00000028   Code   RO         4634    i.__ARM_fpclassify  m_ws.l(fpclassify.o)
    0x08005070   0x08005070   0x0000005c   Code   RO         4556    i.__free$realloc    mc_w.l(mallocr.o)
    0x080050cc   0x080050cc   0x000000aa   Code   RO         4636    i.__kernel_poly     m_ws.l(poly.o)
    0x08005176   0x08005176   0x00000002   PAD
    0x08005178   0x08005178   0x00000050   Code   RO         4557    i.__malloc$realloc  mc_w.l(mallocr.o)
    0x080051c8   0x080051c8   0x00000006   Code   RO         4621    i.__mathlib_dbl_infnan  m_ws.l(dunder.o)
    0x080051ce   0x080051ce   0x00000002   PAD
    0x080051d0   0x080051d0   0x00000010   Code   RO         4626    i.__mathlib_dbl_underflow  m_ws.l(dunder.o)
    0x080051e0   0x080051e0   0x0000000e   Code   RO         4701    i.__scatterload_copy  mc_w.l(handlers.o)
    0x080051ee   0x080051ee   0x00000002   Code   RO         4702    i.__scatterload_null  mc_w.l(handlers.o)
    0x080051f0   0x080051f0   0x0000000e   Code   RO         4703    i.__scatterload_zeroinit  mc_w.l(handlers.o)
    0x080051fe   0x080051fe   0x00000002   PAD
    0x08005200   0x08005200   0x0000000c   Code   RO         4666    i.__set_errno       mc_w.l(errno.o)
    0x0800520c   0x0800520c   0x00000184   Code   RO         4531    i._fp_digits        mc_w.l(printfa.o)
    0x08005390   0x08005390   0x0000000e   Code   RO         4584    i._is_digit         mc_w.l(scanf_fp.o)
    0x0800539e   0x0800539e   0x00000002   PAD
    0x080053a0   0x080053a0   0x000006dc   Code   RO         4532    i._printf_core      mc_w.l(printfa.o)
    0x08005a7c   0x08005a7c   0x00000024   Code   RO         4533    i._printf_post_padding  mc_w.l(printfa.o)
    0x08005aa0   0x08005aa0   0x0000002e   Code   RO         4534    i._printf_pre_padding  mc_w.l(printfa.o)
    0x08005ace   0x08005ace   0x0000000a   Code   RO         4536    i._sputc            mc_w.l(printfa.o)
    0x08005ad8   0x08005ad8   0x00000220   Code   RO         4243    i.atan              m_ws.l(atan.o)
    0x08005cf8   0x08005cf8   0x00000048   Code   RO         3124    i.buffer_skip_whitespace  cjson.o
    0x08005d40   0x08005d40   0x00000058   Code   RO         3156    i.cJSON_Delete      cjson.o
    0x08005d98   0x08005d98   0x00000012   Code   RO         3169    i.cJSON_GetObjectItem  cjson.o
    0x08005daa   0x08005daa   0x0000001a   Code   RO         3186    i.cJSON_New_Item    cjson.o
    0x08005dc4   0x08005dc4   0x00000010   Code   RO         3187    i.cJSON_Parse       cjson.o
    0x08005dd4   0x08005dd4   0x000000d4   Code   RO         3189    i.cJSON_ParseWithLengthOpts  cjson.o
    0x08005ea8   0x08005ea8   0x00000028   Code   RO         3190    i.cJSON_ParseWithOpts  cjson.o
    0x08005ed0   0x08005ed0   0x00000048   Code   RO         3205    i.case_insensitive_strcmp  cjson.o
    0x08005f18   0x08005f18   0x00000044   Code   RO         1006    i.delay_init        delay.o
    0x08005f5c   0x08005f5c   0x0000004c   Code   RO         1007    i.delay_ms          delay.o
    0x08005fa8   0x08005fa8   0x0000004c   Code   RO         1008    i.delay_us          delay.o
    0x08005ff4   0x08005ff4   0x0000001c   Code   RO         1077    i.fputc             usart.o
    0x08006010   0x08006010   0x00000004   Code   RO         3211    i.get_decimal_point  cjson.o
    0x08006014   0x08006014   0x00000052   Code   RO         3212    i.get_object_item   cjson.o
    0x08006066   0x08006066   0x00000002   PAD
    0x08006068   0x08006068   0x00000038   Code   RO          639    i.heart_IIC_Ack     heartiic.o
    0x080060a0   0x080060a0   0x0000005c   Code   RO          640    i.heart_IIC_Init    heartiic.o
    0x080060fc   0x080060fc   0x00000038   Code   RO          641    i.heart_IIC_NAck    heartiic.o
    0x08006134   0x08006134   0x00000058   Code   RO          642    i.heart_IIC_Read_Byte  heartiic.o
    0x0800618c   0x0800618c   0x00000050   Code   RO          644    i.heart_IIC_Send_Byte  heartiic.o
    0x080061dc   0x080061dc   0x00000038   Code   RO          645    i.heart_IIC_Start   heartiic.o
    0x08006214   0x08006214   0x00000034   Code   RO          646    i.heart_IIC_Stop    heartiic.o
    0x08006248   0x08006248   0x0000004c   Code   RO          647    i.heart_IIC_Wait_Ack  heartiic.o
    0x08006294   0x08006294   0x00000050   Code   RO         4558    i.internal_alloc    mc_w.l(mallocr.o)
    0x080062e4   0x080062e4   0x00000064   Code   RO            5    i.main              main.o
    0x08006348   0x08006348   0x000000bc   Code   RO         4080    i.massage_parse_json  git.o
    0x08006404   0x08006404   0x00000052   Code   RO          575    i.max30102_Bus_Read  max30102.o
    0x08006456   0x08006456   0x00000044   Code   RO          576    i.max30102_Bus_Write  max30102.o
    0x0800649a   0x0800649a   0x00000080   Code   RO          577    i.max30102_FIFO_ReadBytes  max30102.o
    0x0800651a   0x0800651a   0x00000002   PAD
    0x0800651c   0x0800651c   0x00000084   Code   RO          579    i.max30102_init     max30102.o
    0x080065a0   0x080065a0   0x00000014   Code   RO          580    i.max30102_reset    max30102.o
    0x080065b4   0x080065b4   0x00000042   Code   RO          723    i.maxim_find_peaks  algorithm.o
    0x080065f6   0x080065f6   0x00000002   PAD
    0x080065f8   0x080065f8   0x00000500   Code   RO          724    i.maxim_heart_rate_and_oxygen_saturation  algorithm.o
    0x08006af8   0x08006af8   0x0000007a   Code   RO          725    i.maxim_peaks_above_min_height  algorithm.o
    0x08006b72   0x08006b72   0x00000072   Code   RO          726    i.maxim_remove_close_peaks  algorithm.o
    0x08006be4   0x08006be4   0x00000036   Code   RO          727    i.maxim_sort_ascend  algorithm.o
    0x08006c1a   0x08006c1a   0x00000040   Code   RO          728    i.maxim_sort_indices_descend  algorithm.o
    0x08006c5a   0x08006c5a   0x00000002   PAD
    0x08006c5c   0x08006c5c   0x00000188   Code   RO          922    i.obtain_bus        bus.o
    0x08006de4   0x08006de4   0x000000f8   Code   RO         3214    i.parse_array       cjson.o
    0x08006edc   0x08006edc   0x0000005a   Code   RO         3215    i.parse_hex4        cjson.o
    0x08006f36   0x08006f36   0x00000002   PAD
    0x08006f38   0x08006f38   0x00000138   Code   RO         3216    i.parse_number      cjson.o
    0x08007070   0x08007070   0x0000013e   Code   RO         3217    i.parse_object      cjson.o
    0x080071ae   0x080071ae   0x0000018c   Code   RO         3218    i.parse_string      cjson.o
    0x0800733a   0x0800733a   0x00000002   PAD
    0x0800733c   0x0800733c   0x0000013c   Code   RO         3219    i.parse_value       cjson.o
    0x08007478   0x08007478   0x0000006c   Code   RO         4559    i.realloc           mc_w.l(mallocr.o)
    0x080074e4   0x080074e4   0x0000003c   Code   RO         3230    i.skip_utf8_bom     cjson.o
    0x08007520   0x08007520   0x0000004c   Code   RO         4253    i.sqrt              m_ws.l(sqrt.o)
    0x0800756c   0x0800756c   0x0000001c   Code   RO         4261    i.strtod            m_ws.l(strtod.o)
    0x08007588   0x08007588   0x00000030   Code   RO            6    i.task1             main.o
    0x080075b8   0x080075b8   0x0000004c   Code   RO            7    i.task2             main.o
    0x08007604   0x08007604   0x00000020   Code   RO         4138    i.timer_init        task.o
    0x08007624   0x08007624   0x00000040   Code   RO         4139    i.timer_loop        task.o
    0x08007664   0x08007664   0x0000002c   Code   RO         4140    i.timer_start       task.o
    0x08007690   0x08007690   0x00000024   Code   RO         4141    i.timer_stop        task.o
    0x080076b4   0x080076b4   0x00000010   Code   RO         4142    i.timer_ticks       task.o
    0x080076c4   0x080076c4   0x0000012c   Code   RO         3233    i.utf16_literal_to_utf8  cjson.o
    0x080077f0   0x080077f0   0x00000024   Code   RO          532    i.waitForFlashBSY   flash.o
    0x08007814   0x08007814   0x000000f6   Data   RO          730    .constdata          algorithm.o
    0x0800790a   0x0800790a   0x00000006   PAD
    0x08007910   0x08007910   0x00000098   Data   RO         4244    .constdata          m_ws.l(atan.o)
    0x080079a8   0x080079a8   0x00000040   Data   RO         4697    .constdata          mc_w.l(ctype_c.o)
    0x080079e8   0x080079e8   0x00000014   Data   RO           10    .conststring        main.o
    0x080079fc   0x080079fc   0x00000020   Data   RO         4699    Region$$Table       anon$$obj.o


    Execution Region ER_RW (Exec base: 0x20000000, Load base: 0x08007a1c, Size: 0x00000bf8, Max: 0xffffffff, ABSOLUTE, COMPRESSED[0x00000810])

    Exec Addr    Load Addr    Size         Type   Attr      Idx    E Section Name        Object

    0x20000000   COMPRESSED   0x0000003c   Data   RW           11    .data               main.o
    0x2000003c   COMPRESSED   0x00000014   Data   RW          322    .data               system_stm32f10x.o
    0x20000050   COMPRESSED   0x00000001   Data   RW          375    .data               key.o
    0x20000051   COMPRESSED   0x00000003   PAD
    0x20000054   COMPRESSED   0x00000afc   Data   RW          416    .data               oled.o
    0x20000b50   COMPRESSED   0x0000000c   Data   RW          534    .data               flash.o
    0x20000b5c   COMPRESSED   0x00000008   Data   RW          783    .data               ds18b20.o
    0x20000b64   COMPRESSED   0x0000000c   Data   RW          863    .data               adxl345.o
    0x20000b70   COMPRESSED   0x00000016   Data   RW          924    .data               bus.o
    0x20000b86   COMPRESSED   0x00000004   Data   RW         1009    .data               delay.o
    0x20000b8a   COMPRESSED   0x00000002   PAD
    0x20000b8c   COMPRESSED   0x00000006   Data   RW         1079    .data               usart.o
    0x20000b92   COMPRESSED   0x00000014   Data   RW         2746    .data               stm32f10x_rcc.o
    0x20000ba6   COMPRESSED   0x00000004   Data   RW         3053    .data               esp8266.o
    0x20000baa   COMPRESSED   0x00000002   PAD
    0x20000bac   COMPRESSED   0x00000014   Data   RW         3235    .data               cjson.o
    0x20000bc0   COMPRESSED   0x00000004   Data   RW         3995    .data               net.o
    0x20000bc4   COMPRESSED   0x00000010   Data   RW         4082    .data               git.o
    0x20000bd4   COMPRESSED   0x00000008   Data   RW         4143    .data               task.o
    0x20000bdc   COMPRESSED   0x0000000d   Data   RW         4183    .data               timer.o
    0x20000be9   COMPRESSED   0x00000003   PAD
    0x20000bec   COMPRESSED   0x00000004   Data   RW         4662    .data               mc_w.l(mvars.o)
    0x20000bf0   COMPRESSED   0x00000004   Data   RW         4663    .data               mc_w.l(mvars.o)
    0x20000bf4   COMPRESSED   0x00000004   Data   RW         4667    .data               mc_w.l(errno.o)


    Execution Region ER_ZI (Exec base: 0x20000bf8, Load base: 0x0800822c, Size: 0x000059d8, Max: 0xffffffff, ABSOLUTE)

    Exec Addr    Load Addr    Size         Type   Attr      Idx    E Section Name        Object

    0x20000bf8        -       0x00001834   Zero   RW            9    .bss                main.o
    0x2000242c        -       0x00000800   Zero   RW          533    .bss                flash.o
    0x20002c2c        -       0x00001760   Zero   RW          729    .bss                algorithm.o
    0x2000438c        -       0x000000c8   Zero   RW         1078    .bss                usart.o
    0x20004454        -       0x00000964   Zero   RW         3052    .bss                esp8266.o
    0x20004db8        -       0x00000818   Zero   RW         4081    .bss                git.o
    0x200055d0        -       0x00000c00   Zero   RW         1146    HEAP                startup_stm32f10x_hd.o
    0x200061d0        -       0x00000400   Zero   RW         1145    STACK               startup_stm32f10x_hd.o


==============================================================================

Image component sizes


      Code (inc. data)   RO Data    RW Data    ZI Data      Debug   Object Name

      1200         14          0         12          0       6137   adxl345.o
      1700         30        246          0       5984       7565   algorithm.o
       392         52          0         22          0       1152   bus.o
      2670         66          0         20          0      17869   cjson.o
       268         36          0          4          0      17412   delay.o
       654         46          0          8          0       7197   ds18b20.o
      1036        302          0          4       2404       6759   esp8266.o
       600         68          0         12       2048       4640   flash.o
      1058        246          0         16       2072       7273   git.o
       640         80          0          0          0       5474   heartiic.o
       112         12          0          1          0       1121   key.o
       116         20          0          0          0        991   led.o
      1764        344         20         60       6196     262832   main.o
       430          4          0          0          0       3588   max30102.o
       172         22          0          0          0       2097   misc.o
      2934         34          0          0          0      19809   mqttkit.o
       608         82          0          0          0       5270   myiic.o
      2584       1090          0          4          0       7481   net.o
      1002         42          0       2812          0       6861   oled.o
        36          8        304          0       4096        804   startup_stm32f10x_hd.o
       448          6          0          0          0       4554   stm32f10x_gpio.o
        26          0          0          0          0       3794   stm32f10x_it.o
       276         32          0         20          0       4490   stm32f10x_rcc.o
       252         42          0          0          0       4154   stm32f10x_tim.o
       460          6          0          0          0       6811   stm32f10x_usart.o
         0          0          0          0          0         32   sys.o
       328         28          0         20          0       2137   system_stm32f10x.o
       192         28          0          8          0       3323   task.o
       542         38          0         13          0       4579   timer.o
       324         26          0          6        200       3734   usart.o

    ----------------------------------------------------------------------
     22866       2804        608       3052      23000     429940   Object Totals
         0          0         32          0          0          0   (incl. Generated)
        42          0          6         10          0          0   (incl. Padding)

    ----------------------------------------------------------------------

      Code (inc. data)   RO Data    RW Data    ZI Data      Debug   Library Member Name

       544         70        152          0          0        124   atan.o
        22          6          0          0          0        136   dunder.o
        40          0          0          0          0         68   fpclassify.o
       170          0          0          0          0         96   poly.o
        76          0          0          0          0         84   sqrt.o
        28          0          0          0          0         80   strtod.o
        86          0          0          0          0          0   __dczerorl2.o
        64          0          0          0          0         84   _sgetc.o
        40          6         64          0          0         68   ctype_c.o
         0          0          0          0          0          0   entry.o
         0          0          0          0          0          0   entry10a.o
         0          0          0          0          0          0   entry11a.o
         8          4          0          0          0          0   entry2.o
         4          0          0          0          0          0   entry5.o
         0          0          0          0          0          0   entry7b.o
         0          0          0          0          0          0   entry8b.o
         8          4          0          0          0          0   entry9a.o
        12          6          0          4          0         68   errno.o
        30          0          0          0          0          0   handlers.o
        36          8          0          0          0         68   init.o
        10          0          0          0          0         68   isspace_c.o
         0          0          0          0          0          0   iusefp.o
        30          0          0          0          0         68   llshl.o
        36          0          0          0          0         68   llsshr.o
        32          0          0          0          0         68   llushr.o
       360         30          0          0          0        356   mallocr.o
        36          0          0          0          0         68   memcpya.o
        36          0          0          0          0        108   memseta.o
         0          0          0          8          0          0   mvars.o
      2308         96          0          0          0        604   printfa.o
       878         12          0          0          0        216   scanf_fp.o
        24          0          0          0          0         68   strcat.o
        20          0          0          0          0         68   strchr.o
        28          0          0          0          0         76   strcmp.o
        14          0          0          0          0         68   strlen.o
        40          0          0          0          0         76   strncat.o
        30          0          0          0          0         80   strncmp.o
        36          0          0          0          0         80   strstr.o
       156         12          0          0          0        120   strtod.o
        12          0          0          0          0         68   tolower.o
        44          0          0          0          0         80   uidiv.o
        98          0          0          0          0         92   uldiv.o
        48          0          0          0          0         68   cdcmple.o
        48          0          0          0          0         68   cdrcmple.o
        20          0          0          0          0         68   cfcmple.o
        20          0          0          0          0         68   cfrcmple.o
        56          0          0          0          0         88   d2f.o
       334          0          0          0          0        148   dadd.o
       222          0          0          0          0        100   ddiv.o
       186          0          0          0          0        176   depilogue.o
        62          0          0          0          0         80   dfixi.o
        48          0          0          0          0         68   dfixul.o
        34          0          0          0          0         76   dflti.o
        24          0          0          0          0         76   dfltul.o
       228          0          0          0          0         96   dmul.o
        46          0          0          0          0         80   dscalb.o
       162          0          0          0          0        100   dsqrt.o
        38          0          0          0          0         68   f2d.o
       176          0          0          0          0        140   fadd.o
       124          0          0          0          0         88   fdiv.o
       110          0          0          0          0        168   fepilogue.o
        50          0          0          0          0         68   ffixi.o
        18          0          0          0          0         68   fflti.o
        10          0          0          0          0         68   ffltui.o
       100          0          0          0          0         76   fmul.o

    ----------------------------------------------------------------------
      7570        254        216         12          0       5480   Library Totals
        10          0          0          0          0          0   (incl. Padding)

    ----------------------------------------------------------------------

      Code (inc. data)   RO Data    RW Data    ZI Data      Debug   Library Name

       880         76        152          0          0        588   m_ws.l
      4516        178         64         12          0       2788   mc_w.l
      2164          0          0          0          0       2104   mf_w.l

    ----------------------------------------------------------------------
      7570        254        216         12          0       5480   Library Totals

    ----------------------------------------------------------------------

==============================================================================


      Code (inc. data)   RO Data    RW Data    ZI Data      Debug   

     30436       3058        824       3064      23000     422548   Grand Totals
     30436       3058        824       2064      23000     422548   ELF Image Totals (compressed)
     30436       3058        824       2064          0          0   ROM Totals

==============================================================================

    Total RO  Size (Code + RO Data)                31260 (  30.53kB)
    Total RW  Size (RW Data + ZI Data)             26064 (  25.45kB)
    Total ROM Size (Code + RO Data + RW Data)      33324 (  32.54kB)

==============================================================================

